20:32:56 **** Build of project app_bsp ****
make -k all 
"Running Make include in hier_mb_ps_microblaze_0/libsrc/axidma_v9_0/src"
make -C hier_mb_ps_microblaze_0/libsrc/axidma_v9_0/src -s include  "SHELL=CMD" "COMPILER=mb-gcc" "ARCHIVER=mb-ar" "COMPILER_FLAGS= -O2 -c -mcpu=v9.5 -mlittle-endian -mxl-soft-mul" "EXTRA_COMPILER_FLAGS=-g"
"Running Make include in hier_mb_ps_microblaze_0/libsrc/bram_v4_0/src"
make -C hier_mb_ps_microblaze_0/libsrc/bram_v4_0/src -s include  "SHELL=CMD" "COMPILER=mb-gcc" "ARCHIVER=mb-ar" "COMPILER_FLAGS= -O2 -c -mcpu=v9.5 -mlittle-endian -mxl-soft-mul" "EXTRA_COMPILER_FLAGS=-g"
"Running Make include in hier_mb_ps_microblaze_0/libsrc/cpu_v2_3/src"
make -C hier_mb_ps_microblaze_0/libsrc/cpu_v2_3/src -s include  "SHELL=CMD" "COMPILER=mb-gcc" "ARCHIVER=mb-ar" "COMPILER_FLAGS= -O2 -c -mcpu=v9.5 -mlittle-endian -mxl-soft-mul" "EXTRA_COMPILER_FLAGS=-g"
"Running Make include in hier_mb_ps_microblaze_0/libsrc/intc_v3_4/src"
make -C hier_mb_ps_microblaze_0/libsrc/intc_v3_4/src -s include  "SHELL=CMD" "COMPILER=mb-gcc" "ARCHIVER=mb-ar" "COMPILER_FLAGS= -O2 -c -mcpu=v9.5 -mlittle-endian -mxl-soft-mul" "EXTRA_COMPILER_FLAGS=-g"
"Running Make include in hier_mb_ps_microblaze_0/libsrc/spi_v4_1/src"
make -C hier_mb_ps_microblaze_0/libsrc/spi_v4_1/src -s include  "SHELL=CMD" "COMPILER=mb-gcc" "ARCHIVER=mb-ar" "COMPILER_FLAGS= -O2 -c -mcpu=v9.5 -mlittle-endian -mxl-soft-mul" "EXTRA_COMPILER_FLAGS=-g"
"Running Make include in hier_mb_ps_microblaze_0/libsrc/standalone_v5_2/src"
make -C hier_mb_ps_microblaze_0/libsrc/standalone_v5_2/src -s include  "SHELL=CMD" "COMPILER=mb-gcc" "ARCHIVER=mb-ar" "COMPILER_FLAGS= -O2 -c -mcpu=v9.5 -mlittle-endian -mxl-soft-mul" "EXTRA_COMPILER_FLAGS=-g"
"Running Make include in hier_mb_ps_microblaze_0/libsrc/tmrctr_v3_0/src"
make -C hier_mb_ps_microblaze_0/libsrc/tmrctr_v3_0/src -s include  "SHELL=CMD" "COMPILER=mb-gcc" "ARCHIVER=mb-ar" "COMPILER_FLAGS= -O2 -c -mcpu=v9.5 -mlittle-endian -mxl-soft-mul" "EXTRA_COMPILER_FLAGS=-g"
"Running Make include in hier_mb_ps_microblaze_0/libsrc/uartlite_v3_1/src"
make -C hier_mb_ps_microblaze_0/libsrc/uartlite_v3_1/src -s include  "SHELL=CMD" "COMPILER=mb-gcc" "ARCHIVER=mb-ar" "COMPILER_FLAGS= -O2 -c -mcpu=v9.5 -mlittle-endian -mxl-soft-mul" "EXTRA_COMPILER_FLAGS=-g"
"Running Make libs in hier_mb_ps_microblaze_0/libsrc/axidma_v9_0/src"
make -C hier_mb_ps_microblaze_0/libsrc/axidma_v9_0/src -s libs  "SHELL=CMD" "COMPILER=mb-gcc" "ARCHIVER=mb-ar" "COMPILER_FLAGS= -O2 -c -mcpu=v9.5 -mlittle-endian -mxl-soft-mul" "EXTRA_COMPILER_FLAGS=-g"
"Compiling axidma"
In file included from xaxidma.h:470:0,
                 from xaxidma.c:83:
xaxidma.c: In function 'XAxiDma_Reset':
xaxidma_bdring.h:238:26: warning: assignment makes pointer from integer without a cast
    (RingPtr)->BdaRestart =      \
                          ^
xaxidma.c:313:3: note: in expansion of macro 'XAxiDma_BdRingSnapShotCurrBd'
   XAxiDma_BdRingSnapShotCurrBd(TxRingPtr);
   ^
xaxidma_bdring.h:243:27: warning: assignment makes pointer from integer without a cast
     (RingPtr)->BdaRestart =     \
                           ^
xaxidma.c:313:3: note: in expansion of macro 'XAxiDma_BdRingSnapShotCurrBd'
   XAxiDma_BdRingSnapShotCurrBd(TxRingPtr);
   ^
xaxidma_bdring.h:248:27: warning: assignment makes pointer from integer without a cast
     (RingPtr)->BdaRestart =     \
                           ^
xaxidma.c:313:3: note: in expansion of macro 'XAxiDma_BdRingSnapShotCurrBd'
   XAxiDma_BdRingSnapShotCurrBd(TxRingPtr);
   ^
xaxidma_bdring.h:238:26: warning: assignment makes pointer from integer without a cast
    (RingPtr)->BdaRestart =      \
                          ^
xaxidma.c:319:4: note: in expansion of macro 'XAxiDma_BdRingSnapShotCurrBd'
    XAxiDma_BdRingSnapShotCurrBd(RxRingPtr);
    ^
xaxidma_bdring.h:243:27: warning: assignment makes pointer from integer without a cast
     (RingPtr)->BdaRestart =     \
                           ^
xaxidma.c:319:4: note: in expansion of macro 'XAxiDma_BdRingSnapShotCurrBd'
    XAxiDma_BdRingSnapShotCurrBd(RxRingPtr);
    ^
xaxidma_bdring.h:248:27: warning: assignment makes pointer from integer without a cast
     (RingPtr)->BdaRestart =     \
                           ^
xaxidma.c:319:4: note: in expansion of macro 'XAxiDma_BdRingSnapShotCurrBd'
    XAxiDma_BdRingSnapShotCurrBd(RxRingPtr);
    ^
mb-ar: creating ../../../lib/libxil.a
"Running Make libs in hier_mb_ps_microblaze_0/libsrc/bram_v4_0/src"
make -C hier_mb_ps_microblaze_0/libsrc/bram_v4_0/src -s libs  "SHELL=CMD" "COMPILER=mb-gcc" "ARCHIVER=mb-ar" "COMPILER_FLAGS= -O2 -c -mcpu=v9.5 -mlittle-endian -mxl-soft-mul" "EXTRA_COMPILER_FLAGS=-g"
"Compiling bram"
"Running Make libs in hier_mb_ps_microblaze_0/libsrc/cpu_v2_3/src"
make -C hier_mb_ps_microblaze_0/libsrc/cpu_v2_3/src -s libs  "SHELL=CMD" "COMPILER=mb-gcc" "ARCHIVER=mb-ar" "COMPILER_FLAGS= -O2 -c -mcpu=v9.5 -mlittle-endian -mxl-soft-mul" "EXTRA_COMPILER_FLAGS=-g"
"Compiling cpu"
"Running Make libs in hier_mb_ps_microblaze_0/libsrc/intc_v3_4/src"
make -C hier_mb_ps_microblaze_0/libsrc/intc_v3_4/src -s libs  "SHELL=CMD" "COMPILER=mb-gcc" "ARCHIVER=mb-ar" "COMPILER_FLAGS= -O2 -c -mcpu=v9.5 -mlittle-endian -mxl-soft-mul" "EXTRA_COMPILER_FLAGS=-g"
"Compiling intc"
"Running Make libs in hier_mb_ps_microblaze_0/libsrc/spi_v4_1/src"
make -C hier_mb_ps_microblaze_0/libsrc/spi_v4_1/src -s libs  "SHELL=CMD" "COMPILER=mb-gcc" "ARCHIVER=mb-ar" "COMPILER_FLAGS= -O2 -c -mcpu=v9.5 -mlittle-endian -mxl-soft-mul" "EXTRA_COMPILER_FLAGS=-g"
"Compiling spi"
"Running Make libs in hier_mb_ps_microblaze_0/libsrc/standalone_v5_2/src"
make -C hier_mb_ps_microblaze_0/libsrc/standalone_v5_2/src -s libs  "SHELL=CMD" "COMPILER=mb-gcc" "ARCHIVER=mb-ar" "COMPILER_FLAGS= -O2 -c -mcpu=v9.5 -mlittle-endian -mxl-soft-mul" "EXTRA_COMPILER_FLAGS=-g"
"Compiling standalone";
"Running Make libs in hier_mb_ps_microblaze_0/libsrc/tmrctr_v3_0/src"
make -C hier_mb_ps_microblaze_0/libsrc/tmrctr_v3_0/src -s libs  "SHELL=CMD" "COMPILER=mb-gcc" "ARCHIVER=mb-ar" "COMPILER_FLAGS= -O2 -c -mcpu=v9.5 -mlittle-endian -mxl-soft-mul" "EXTRA_COMPILER_FLAGS=-g"
"Compiling tmrctr"
"Running Make libs in hier_mb_ps_microblaze_0/libsrc/uartlite_v3_1/src"
make -C hier_mb_ps_microblaze_0/libsrc/uartlite_v3_1/src -s libs  "SHELL=CMD" "COMPILER=mb-gcc" "ARCHIVER=mb-ar" "COMPILER_FLAGS= -O2 -c -mcpu=v9.5 -mlittle-endian -mxl-soft-mul" "EXTRA_COMPILER_FLAGS=-g"
"Compiling uartlite"
'Finished building libraries'

**** Build of configuration Debug for project app ****

Nothing to build for project app
20:45:27 **** Auto Build of configuration Debug for project app ****
make all 
'Building file: ../src/main.c'
'Invoking: MicroBlaze gcc compiler'
mb-gcc -Wall -O0 -g3 -c -fmessage-length=0 -MT"src/main.o" -I../../app_bsp/hier_mb_ps_microblaze_0/include -mlittle-endian -mcpu=v9.5 -mxl-soft-mul -Wl,--no-relax -MMD -MP -MF"src/main.d" -MT"src/main.d" -o "src/main.o" "../src/main.c"
'Finished building: ../src/main.c'
' '
'Building target: app.elf'
'Invoking: MicroBlaze gcc linker'
mb-gcc -Wl,-T -Wl,../src/lscript.ld -L../../app_bsp/hier_mb_ps_microblaze_0/lib -mlittle-endian -mcpu=v9.5 -mxl-soft-mul -Wl,--no-relax -o "app.elf"  ./src/main.o   -Wl,--start-group,-lxil,-lgcc,-lc,--end-group
c:/xilinx/sdk/2015.3/gnu/microblaze/nt/bin/../lib/gcc/microblaze-xilinx-elf/4.9.2/../../../../microblaze-xilinx-elf/lib/le/crtinit.o: In function `_crtinit':
(.text+0x78): undefined reference to `main'
collect2.exe: error: ld returned 1 exit status
make: *** [app.elf] Error 1
20:45:36 **** Auto Build of configuration Debug for project app ****
make all 
'Building file: ../src/main.c'
'Invoking: MicroBlaze gcc compiler'
mb-gcc -Wall -O0 -g3 -c -fmessage-length=0 -MT"src/main.o" -I../../app_bsp/hier_mb_ps_microblaze_0/include -mlittle-endian -mcpu=v9.5 -mxl-soft-mul -Wl,--no-relax -MMD -MP -MF"src/main.d" -MT"src/main.d" -o "src/main.o" "../src/main.c"
'Finished building: ../src/main.c'
' '
'Building target: app.elf'
'Invoking: MicroBlaze gcc linker'
mb-gcc -Wl,-T -Wl,../src/lscript.ld -L../../app_bsp/hier_mb_ps_microblaze_0/lib -mlittle-endian -mcpu=v9.5 -mxl-soft-mul -Wl,--no-relax -o "app.elf"  ./src/main.o   -Wl,--start-group,-lxil,-lgcc,-lc,--end-group
'Finished building target: app.elf'
' '
'Invoking: MicroBlaze Print Size'
mb-size app.elf  |tee "app.elf.size"
   text	   data	    bss	    dec	    hex	filename
   7464	    352	   2224	  10040	   2738	app.elf
'Finished building: app.elf.size'
' '
20:45:38 **** Auto Build of configuration Debug for project app ****
make all 
'Building file: ../src/main.c'
'Invoking: MicroBlaze gcc compiler'
mb-gcc -Wall -O0 -g3 -c -fmessage-length=0 -MT"src/main.o" -I../../app_bsp/hier_mb_ps_microblaze_0/include -mlittle-endian -mcpu=v9.5 -mxl-soft-mul -Wl,--no-relax -MMD -MP -MF"src/main.d" -MT"src/main.d" -o "src/main.o" "../src/main.c"
'Finished building: ../src/main.c'
' '
'Building target: app.elf'
'Invoking: MicroBlaze gcc linker'
mb-gcc -Wl,-T -Wl,../src/lscript.ld -L../../app_bsp/hier_mb_ps_microblaze_0/lib -mlittle-endian -mcpu=v9.5 -mxl-soft-mul -Wl,--no-relax -o "app.elf"  ./src/main.o   -Wl,--start-group,-lxil,-lgcc,-lc,--end-group
'Finished building target: app.elf'
' '
'Invoking: MicroBlaze Print Size'
mb-size app.elf  |tee "app.elf.size"
   text	   data	    bss	    dec	    hex	filename
   7464	    352	   2224	  10040	   2738	app.elf
'Finished building: app.elf.size'
' '
20:45:55 **** Auto Build of configuration Debug for project app ****
make all 
'Building file: ../src/main.c'
'Invoking: MicroBlaze gcc compiler'
mb-gcc -Wall -O0 -g3 -c -fmessage-length=0 -MT"src/main.o" -I../../app_bsp/hier_mb_ps_microblaze_0/include -mlittle-endian -mcpu=v9.5 -mxl-soft-mul -Wl,--no-relax -MMD -MP -MF"src/main.d" -MT"src/main.d" -o "src/main.o" "../src/main.c"
'Finished building: ../src/main.c'
' '
'Building target: app.elf'
'Invoking: MicroBlaze gcc linker'
mb-gcc -Wl,-T -Wl,../src/lscript.ld -L../../app_bsp/hier_mb_ps_microblaze_0/lib -mlittle-endian -mcpu=v9.5 -mxl-soft-mul -Wl,--no-relax -o "app.elf"  ./src/main.o   -Wl,--start-group,-lxil,-lgcc,-lc,--end-group
'Finished building target: app.elf'
' '
'Invoking: MicroBlaze Print Size'
mb-size app.elf  |tee "app.elf.size"
   text	   data	    bss	    dec	    hex	filename
   7464	    352	   2224	  10040	   2738	app.elf
'Finished building: app.elf.size'
' '
20:46:00 **** Auto Build of configuration Debug for project app ****
make all 
'Building file: ../src/main.c'
'Invoking: MicroBlaze gcc compiler'
mb-gcc -Wall -O0 -g3 -c -fmessage-length=0 -MT"src/main.o" -I../../app_bsp/hier_mb_ps_microblaze_0/include -mlittle-endian -mcpu=v9.5 -mxl-soft-mul -Wl,--no-relax -MMD -MP -MF"src/main.d" -MT"src/main.d" -o "src/main.o" "../src/main.c"
'Finished building: ../src/main.c'
' '
'Building target: app.elf'
'Invoking: MicroBlaze gcc linker'
mb-gcc -Wl,-T -Wl,../src/lscript.ld -L../../app_bsp/hier_mb_ps_microblaze_0/lib -mlittle-endian -mcpu=v9.5 -mxl-soft-mul -Wl,--no-relax -o "app.elf"  ./src/main.o   -Wl,--start-group,-lxil,-lgcc,-lc,--end-group
'Finished building target: app.elf'
' '
'Invoking: MicroBlaze Print Size'
mb-size app.elf  |tee "app.elf.size"
   text	   data	    bss	    dec	    hex	filename
   7464	    352	   2224	  10040	   2738	app.elf
'Finished building: app.elf.size'
' '
20:46:08 **** Auto Build of configuration Debug for project app ****
make all 
'Building file: ../src/main.c'
'Invoking: MicroBlaze gcc compiler'
mb-gcc -Wall -O0 -g3 -c -fmessage-length=0 -MT"src/main.o" -I../../app_bsp/hier_mb_ps_microblaze_0/include -mlittle-endian -mcpu=v9.5 -mxl-soft-mul -Wl,--no-relax -MMD -MP -MF"src/main.d" -MT"src/main.d" -o "src/main.o" "../src/main.c"
'Finished building: ../src/main.c'
' '
'Building target: app.elf'
'Invoking: MicroBlaze gcc linker'
mb-gcc -Wl,-T -Wl,../src/lscript.ld -L../../app_bsp/hier_mb_ps_microblaze_0/lib -mlittle-endian -mcpu=v9.5 -mxl-soft-mul -Wl,--no-relax -o "app.elf"  ./src/main.o   -Wl,--start-group,-lxil,-lgcc,-lc,--end-group
'Finished building target: app.elf'
' '
'Invoking: MicroBlaze Print Size'
mb-size app.elf  |tee "app.elf.size"
   text	   data	    bss	    dec	    hex	filename
   7464	    352	   2224	  10040	   2738	app.elf
'Finished building: app.elf.size'
' '
20:46:26 **** Auto Build of configuration Debug for project app ****
make all 
'Building file: ../src/main.c'
'Invoking: MicroBlaze gcc compiler'
mb-gcc -Wall -O0 -g3 -c -fmessage-length=0 -MT"src/main.o" -I../../app_bsp/hier_mb_ps_microblaze_0/include -mlittle-endian -mcpu=v9.5 -mxl-soft-mul -Wl,--no-relax -MMD -MP -MF"src/main.d" -MT"src/main.d" -o "src/main.o" "../src/main.c"
'Finished building: ../src/main.c'
' '
'Building target: app.elf'
'Invoking: MicroBlaze gcc linker'
mb-gcc -Wl,-T -Wl,../src/lscript.ld -L../../app_bsp/hier_mb_ps_microblaze_0/lib -mlittle-endian -mcpu=v9.5 -mxl-soft-mul -Wl,--no-relax -o "app.elf"  ./src/main.o   -Wl,--start-group,-lxil,-lgcc,-lc,--end-group
'Finished building target: app.elf'
' '
'Invoking: MicroBlaze Print Size'
mb-size app.elf  |tee "app.elf.size"
   text	   data	    bss	    dec	    hex	filename
   7464	    352	   2224	  10040	   2738	app.elf
'Finished building: app.elf.size'
' '
20:47:12 **** Auto Build of configuration Debug for project app ****
make all 
'Building file: ../src/main.c'
'Invoking: MicroBlaze gcc compiler'
mb-gcc -Wall -O0 -g3 -c -fmessage-length=0 -MT"src/main.o" -I../../app_bsp/hier_mb_ps_microblaze_0/include -mlittle-endian -mcpu=v9.5 -mxl-soft-mul -Wl,--no-relax -MMD -MP -MF"src/main.d" -MT"src/main.d" -o "src/main.o" "../src/main.c"
'Finished building: ../src/main.c'
' '
'Building target: app.elf'
'Invoking: MicroBlaze gcc linker'
mb-gcc -Wl,-T -Wl,../src/lscript.ld -L../../app_bsp/hier_mb_ps_microblaze_0/lib -mlittle-endian -mcpu=v9.5 -mxl-soft-mul -Wl,--no-relax -o "app.elf"  ./src/main.o   -Wl,--start-group,-lxil,-lgcc,-lc,--end-group
'Finished building target: app.elf'
' '
'Invoking: MicroBlaze Print Size'
mb-size app.elf  |tee "app.elf.size"
   text	   data	    bss	    dec	    hex	filename
   7464	    352	   2224	  10040	   2738	app.elf
'Finished building: app.elf.size'
' '
20:47:55 **** Auto Build of configuration Debug for project app ****
make all 
'Building file: ../src/main.c'
'Invoking: MicroBlaze gcc compiler'
mb-gcc -Wall -O0 -g3 -c -fmessage-length=0 -MT"src/main.o" -I../../app_bsp/hier_mb_ps_microblaze_0/include -mlittle-endian -mcpu=v9.5 -mxl-soft-mul -Wl,--no-relax -MMD -MP -MF"src/main.d" -MT"src/main.d" -o "src/main.o" "../src/main.c"
'Finished building: ../src/main.c'
' '
'Building target: app.elf'
'Invoking: MicroBlaze gcc linker'
mb-gcc -Wl,-T -Wl,../src/lscript.ld -L../../app_bsp/hier_mb_ps_microblaze_0/lib -mlittle-endian -mcpu=v9.5 -mxl-soft-mul -Wl,--no-relax -o "app.elf"  ./src/main.o   -Wl,--start-group,-lxil,-lgcc,-lc,--end-group
'Finished building target: app.elf'
' '
'Invoking: MicroBlaze Print Size'
mb-size app.elf  |tee "app.elf.size"
   text	   data	    bss	    dec	    hex	filename
   7464	    352	   2224	  10040	   2738	app.elf
'Finished building: app.elf.size'
' '
20:48:26 **** Auto Build of configuration Debug for project app ****
make all 
'Building file: ../src/main.c'
'Invoking: MicroBlaze gcc compiler'
mb-gcc -Wall -O0 -g3 -c -fmessage-length=0 -MT"src/main.o" -I../../app_bsp/hier_mb_ps_microblaze_0/include -mlittle-endian -mcpu=v9.5 -mxl-soft-mul -Wl,--no-relax -MMD -MP -MF"src/main.d" -MT"src/main.d" -o "src/main.o" "../src/main.c"
'Finished building: ../src/main.c'
' '
'Building target: app.elf'
'Invoking: MicroBlaze gcc linker'
mb-gcc -Wl,-T -Wl,../src/lscript.ld -L../../app_bsp/hier_mb_ps_microblaze_0/lib -mlittle-endian -mcpu=v9.5 -mxl-soft-mul -Wl,--no-relax -o "app.elf"  ./src/main.o   -Wl,--start-group,-lxil,-lgcc,-lc,--end-group
'Finished building target: app.elf'
' '
'Invoking: MicroBlaze Print Size'
mb-size app.elf  |tee "app.elf.size"
   text	   data	    bss	    dec	    hex	filename
   7464	    352	   2224	  10040	   2738	app.elf
'Finished building: app.elf.size'
' '
20:48:33 **** Auto Build of configuration Debug for project app ****
make all 
'Building file: ../src/main.c'
'Invoking: MicroBlaze gcc compiler'
mb-gcc -Wall -O0 -g3 -c -fmessage-length=0 -MT"src/main.o" -I../../app_bsp/hier_mb_ps_microblaze_0/include -mlittle-endian -mcpu=v9.5 -mxl-soft-mul -Wl,--no-relax -MMD -MP -MF"src/main.d" -MT"src/main.d" -o "src/main.o" "../src/main.c"
'Finished building: ../src/main.c'
' '
'Building target: app.elf'
'Invoking: MicroBlaze gcc linker'
mb-gcc -Wl,-T -Wl,../src/lscript.ld -L../../app_bsp/hier_mb_ps_microblaze_0/lib -mlittle-endian -mcpu=v9.5 -mxl-soft-mul -Wl,--no-relax -o "app.elf"  ./src/main.o   -Wl,--start-group,-lxil,-lgcc,-lc,--end-group
'Finished building target: app.elf'
' '
'Invoking: MicroBlaze Print Size'
mb-size app.elf  |tee "app.elf.size"
   text	   data	    bss	    dec	    hex	filename
   7464	    352	   2224	  10040	   2738	app.elf
'Finished building: app.elf.size'
' '
20:49:10 **** Auto Build of configuration Debug for project app ****
make all 
'Building file: ../src/main.c'
'Invoking: MicroBlaze gcc compiler'
mb-gcc -Wall -O0 -g3 -c -fmessage-length=0 -MT"src/main.o" -I../../app_bsp/hier_mb_ps_microblaze_0/include -mlittle-endian -mcpu=v9.5 -mxl-soft-mul -Wl,--no-relax -MMD -MP -MF"src/main.d" -MT"src/main.d" -o "src/main.o" "../src/main.c"
'Finished building: ../src/main.c'
' '
'Building target: app.elf'
'Invoking: MicroBlaze gcc linker'
mb-gcc -Wl,-T -Wl,../src/lscript.ld -L../../app_bsp/hier_mb_ps_microblaze_0/lib -mlittle-endian -mcpu=v9.5 -mxl-soft-mul -Wl,--no-relax -o "app.elf"  ./src/main.o   -Wl,--start-group,-lxil,-lgcc,-lc,--end-group
'Finished building target: app.elf'
' '
'Invoking: MicroBlaze Print Size'
mb-size app.elf  |tee "app.elf.size"
   text	   data	    bss	    dec	    hex	filename
   7464	    352	   2224	  10040	   2738	app.elf
'Finished building: app.elf.size'
' '
20:49:41 **** Auto Build of configuration Debug for project app ****
make all 
'Building file: ../src/main.c'
'Invoking: MicroBlaze gcc compiler'
mb-gcc -Wall -O0 -g3 -c -fmessage-length=0 -MT"src/main.o" -I../../app_bsp/hier_mb_ps_microblaze_0/include -mlittle-endian -mcpu=v9.5 -mxl-soft-mul -Wl,--no-relax -MMD -MP -MF"src/main.d" -MT"src/main.d" -o "src/main.o" "../src/main.c"
'Finished building: ../src/main.c'
' '
'Building target: app.elf'
'Invoking: MicroBlaze gcc linker'
mb-gcc -Wl,-T -Wl,../src/lscript.ld -L../../app_bsp/hier_mb_ps_microblaze_0/lib -mlittle-endian -mcpu=v9.5 -mxl-soft-mul -Wl,--no-relax -o "app.elf"  ./src/main.o   -Wl,--start-group,-lxil,-lgcc,-lc,--end-group
'Finished building target: app.elf'
' '
'Invoking: MicroBlaze Print Size'
mb-size app.elf  |tee "app.elf.size"
   text	   data	    bss	    dec	    hex	filename
   7464	    352	   2224	  10040	   2738	app.elf
'Finished building: app.elf.size'
' '
20:50:28 **** Auto Build of configuration Debug for project app ****
make all 
'Building file: ../src/main.c'
'Invoking: MicroBlaze gcc compiler'
mb-gcc -Wall -O0 -g3 -c -fmessage-length=0 -MT"src/main.o" -I../../app_bsp/hier_mb_ps_microblaze_0/include -mlittle-endian -mcpu=v9.5 -mxl-soft-mul -Wl,--no-relax -MMD -MP -MF"src/main.d" -MT"src/main.d" -o "src/main.o" "../src/main.c"
'Finished building: ../src/main.c'
' '
'Building target: app.elf'
'Invoking: MicroBlaze gcc linker'
mb-gcc -Wl,-T -Wl,../src/lscript.ld -L../../app_bsp/hier_mb_ps_microblaze_0/lib -mlittle-endian -mcpu=v9.5 -mxl-soft-mul -Wl,--no-relax -o "app.elf"  ./src/main.o   -Wl,--start-group,-lxil,-lgcc,-lc,--end-group
'Finished building target: app.elf'
' '
'Invoking: MicroBlaze Print Size'
mb-size app.elf  |tee "app.elf.size"
   text	   data	    bss	    dec	    hex	filename
   7464	    352	   2224	  10040	   2738	app.elf
'Finished building: app.elf.size'
' '
20:50:35 **** Auto Build of configuration Debug for project app ****
make all 
'Building file: ../src/main.c'
'Invoking: MicroBlaze gcc compiler'
mb-gcc -Wall -O0 -g3 -c -fmessage-length=0 -MT"src/main.o" -I../../app_bsp/hier_mb_ps_microblaze_0/include -mlittle-endian -mcpu=v9.5 -mxl-soft-mul -Wl,--no-relax -MMD -MP -MF"src/main.d" -MT"src/main.d" -o "src/main.o" "../src/main.c"
'Finished building: ../src/main.c'
' '
'Building target: app.elf'
'Invoking: MicroBlaze gcc linker'
mb-gcc -Wl,-T -Wl,../src/lscript.ld -L../../app_bsp/hier_mb_ps_microblaze_0/lib -mlittle-endian -mcpu=v9.5 -mxl-soft-mul -Wl,--no-relax -o "app.elf"  ./src/main.o   -Wl,--start-group,-lxil,-lgcc,-lc,--end-group
'Finished building target: app.elf'
' '
'Invoking: MicroBlaze Print Size'
mb-size app.elf  |tee "app.elf.size"
   text	   data	    bss	    dec	    hex	filename
   7464	    352	   2224	  10040	   2738	app.elf
'Finished building: app.elf.size'
' '
20:50:47 **** Auto Build of configuration Debug for project app ****
make all 
'Building file: ../src/main.c'
'Invoking: MicroBlaze gcc compiler'
mb-gcc -Wall -O0 -g3 -c -fmessage-length=0 -MT"src/main.o" -I../../app_bsp/hier_mb_ps_microblaze_0/include -mlittle-endian -mcpu=v9.5 -mxl-soft-mul -Wl,--no-relax -MMD -MP -MF"src/main.d" -MT"src/main.d" -o "src/main.o" "../src/main.c"
'Finished building: ../src/main.c'
' '
'Building target: app.elf'
'Invoking: MicroBlaze gcc linker'
mb-gcc -Wl,-T -Wl,../src/lscript.ld -L../../app_bsp/hier_mb_ps_microblaze_0/lib -mlittle-endian -mcpu=v9.5 -mxl-soft-mul -Wl,--no-relax -o "app.elf"  ./src/main.o   -Wl,--start-group,-lxil,-lgcc,-lc,--end-group
'Finished building target: app.elf'
' '
'Invoking: MicroBlaze Print Size'
mb-size app.elf  |tee "app.elf.size"
   text	   data	    bss	    dec	    hex	filename
   7464	    352	   2224	  10040	   2738	app.elf
'Finished building: app.elf.size'
' '
20:52:40 **** Auto Build of configuration Debug for project app ****
make all 
'Building file: ../src/main.c'
'Invoking: MicroBlaze gcc compiler'
mb-gcc -Wall -O0 -g3 -c -fmessage-length=0 -MT"src/main.o" -I../../app_bsp/hier_mb_ps_microblaze_0/include -mlittle-endian -mcpu=v9.5 -mxl-soft-mul -Wl,--no-relax -MMD -MP -MF"src/main.d" -MT"src/main.d" -o "src/main.o" "../src/main.c"
'Finished building: ../src/main.c'
' '
'Building target: app.elf'
'Invoking: MicroBlaze gcc linker'
mb-gcc -Wl,-T -Wl,../src/lscript.ld -L../../app_bsp/hier_mb_ps_microblaze_0/lib -mlittle-endian -mcpu=v9.5 -mxl-soft-mul -Wl,--no-relax -o "app.elf"  ./src/main.o   -Wl,--start-group,-lxil,-lgcc,-lc,--end-group
'Finished building target: app.elf'
' '
'Invoking: MicroBlaze Print Size'
mb-size app.elf  |tee "app.elf.size"
   text	   data	    bss	    dec	    hex	filename
   7464	    352	   2224	  10040	   2738	app.elf
'Finished building: app.elf.size'
' '
20:53:24 **** Auto Build of configuration Debug for project app ****
make all 
'Building file: ../src/main.c'
'Invoking: MicroBlaze gcc compiler'
mb-gcc -Wall -O0 -g3 -c -fmessage-length=0 -MT"src/main.o" -I../../app_bsp/hier_mb_ps_microblaze_0/include -mlittle-endian -mcpu=v9.5 -mxl-soft-mul -Wl,--no-relax -MMD -MP -MF"src/main.d" -MT"src/main.d" -o "src/main.o" "../src/main.c"
../src/main.c:29:14: warning: 'intc_obj' defined but not used [-Wunused-variable]
 static XIntc intc_obj;
              ^
../src/main.c:30:16: warning: 'timer_obj' defined but not used [-Wunused-variable]
 static XTmrCtr timer_obj;
                ^
../src/main.c:31:14: warning: 'spi_obj' defined but not used [-Wunused-variable]
 static XSpi  spi_obj;
              ^
../src/main.c:32:16: warning: 'dma_obj' defined but not used [-Wunused-variable]
 static XAxiDma dma_obj;
                ^
'Finished building: ../src/main.c'
' '
'Building target: app.elf'
'Invoking: MicroBlaze gcc linker'
mb-gcc -Wl,-T -Wl,../src/lscript.ld -L../../app_bsp/hier_mb_ps_microblaze_0/lib -mlittle-endian -mcpu=v9.5 -mxl-soft-mul -Wl,--no-relax -o "app.elf"  ./src/main.o   -Wl,--start-group,-lxil,-lgcc,-lc,--end-group
'Finished building target: app.elf'
' '
'Invoking: MicroBlaze Print Size'
mb-size app.elf  |tee "app.elf.size"
   text	   data	    bss	    dec	    hex	filename
   7464	    352	   4096	  11912	   2e88	app.elf
'Finished building: app.elf.size'
' '
20:53:28 **** Auto Build of configuration Debug for project app ****
make all 
'Building file: ../src/main.c'
'Invoking: MicroBlaze gcc compiler'
mb-gcc -Wall -O0 -g3 -c -fmessage-length=0 -MT"src/main.o" -I../../app_bsp/hier_mb_ps_microblaze_0/include -mlittle-endian -mcpu=v9.5 -mxl-soft-mul -Wl,--no-relax -MMD -MP -MF"src/main.d" -MT"src/main.d" -o "src/main.o" "../src/main.c"
../src/main.c:29:14: warning: 'intc_obj' defined but not used [-Wunused-variable]
 static XIntc intc_obj;
              ^
../src/main.c:30:16: warning: 'timer_obj' defined but not used [-Wunused-variable]
 static XTmrCtr timer_obj;
                ^
../src/main.c:31:13: warning: 'spi_obj' defined but not used [-Wunused-variable]
 static XSpi spi_obj;
             ^
../src/main.c:32:16: warning: 'dma_obj' defined but not used [-Wunused-variable]
 static XAxiDma dma_obj;
                ^
'Finished building: ../src/main.c'
' '
'Building target: app.elf'
'Invoking: MicroBlaze gcc linker'
mb-gcc -Wl,-T -Wl,../src/lscript.ld -L../../app_bsp/hier_mb_ps_microblaze_0/lib -mlittle-endian -mcpu=v9.5 -mxl-soft-mul -Wl,--no-relax -o "app.elf"  ./src/main.o   -Wl,--start-group,-lxil,-lgcc,-lc,--end-group
'Finished building target: app.elf'
' '
'Invoking: MicroBlaze Print Size'
mb-size app.elf  |tee "app.elf.size"
   text	   data	    bss	    dec	    hex	filename
   7464	    352	   4096	  11912	   2e88	app.elf
'Finished building: app.elf.size'
' '
20:53:58 **** Auto Build of configuration Debug for project app ****
make all 
'Building file: ../src/main.c'
'Invoking: MicroBlaze gcc compiler'
mb-gcc -Wall -O0 -g3 -c -fmessage-length=0 -MT"src/main.o" -I../../app_bsp/hier_mb_ps_microblaze_0/include -mlittle-endian -mcpu=v9.5 -mxl-soft-mul -Wl,--no-relax -MMD -MP -MF"src/main.d" -MT"src/main.d" -o "src/main.o" "../src/main.c"
../src/main.c:29:14: warning: 'intc_obj' defined but not used [-Wunused-variable]
 static XIntc intc_obj;
              ^
../src/main.c:30:16: warning: 'timer_obj' defined but not used [-Wunused-variable]
 static XTmrCtr timer_obj;
                ^
../src/main.c:31:13: warning: 'spi_obj' defined but not used [-Wunused-variable]
 static XSpi spi_obj;
             ^
../src/main.c:32:16: warning: 'dma_obj' defined but not used [-Wunused-variable]
 static XAxiDma dma_obj;
                ^
../src/main.c:33:12: warning: 'input_sample' defined but not used [-Wunused-variable]
 static u16 input_sample;
            ^
'Finished building: ../src/main.c'
' '
'Building target: app.elf'
'Invoking: MicroBlaze gcc linker'
mb-gcc -Wl,-T -Wl,../src/lscript.ld -L../../app_bsp/hier_mb_ps_microblaze_0/lib -mlittle-endian -mcpu=v9.5 -mxl-soft-mul -Wl,--no-relax -o "app.elf"  ./src/main.o   -Wl,--start-group,-lxil,-lgcc,-lc,--end-group
'Finished building target: app.elf'
' '
'Invoking: MicroBlaze Print Size'
mb-size app.elf  |tee "app.elf.size"
   text	   data	    bss	    dec	    hex	filename
   7464	    352	   4104	  11920	   2e90	app.elf
'Finished building: app.elf.size'
' '
20:54:57 **** Auto Build of configuration Debug for project app ****
make all 
'Building file: ../src/main.c'
'Invoking: MicroBlaze gcc compiler'
mb-gcc -Wall -O0 -g3 -c -fmessage-length=0 -MT"src/main.o" -I../../app_bsp/hier_mb_ps_microblaze_0/include -mlittle-endian -mcpu=v9.5 -mxl-soft-mul -Wl,--no-relax -MMD -MP -MF"src/main.d" -MT"src/main.d" -o "src/main.o" "../src/main.c"
../src/main.c:30:14: warning: 'intc_obj' defined but not used [-Wunused-variable]
 static XIntc intc_obj;
              ^
../src/main.c:31:16: warning: 'timer_obj' defined but not used [-Wunused-variable]
 static XTmrCtr timer_obj;
                ^
../src/main.c:32:13: warning: 'spi_obj' defined but not used [-Wunused-variable]
 static XSpi spi_obj;
             ^
../src/main.c:33:16: warning: 'dma_obj' defined but not used [-Wunused-variable]
 static XAxiDma dma_obj;
                ^
../src/main.c:34:13: warning: 'input_sample' defined but not used [-Wunused-variable]
 static u16* input_sample;
             ^
'Finished building: ../src/main.c'
' '
'Building target: app.elf'
'Invoking: MicroBlaze gcc linker'
mb-gcc -Wl,-T -Wl,../src/lscript.ld -L../../app_bsp/hier_mb_ps_microblaze_0/lib -mlittle-endian -mcpu=v9.5 -mxl-soft-mul -Wl,--no-relax -o "app.elf"  ./src/main.o   -Wl,--start-group,-lxil,-lgcc,-lc,--end-group
'Finished building target: app.elf'
' '
'Invoking: MicroBlaze Print Size'
mb-size app.elf  |tee "app.elf.size"
   text	   data	    bss	    dec	    hex	filename
   7464	    352	   4104	  11920	   2e90	app.elf
'Finished building: app.elf.size'
' '
20:55:07 **** Auto Build of configuration Debug for project app ****
make all 
'Building file: ../src/main.c'
'Invoking: MicroBlaze gcc compiler'
mb-gcc -Wall -O0 -g3 -c -fmessage-length=0 -MT"src/main.o" -I../../app_bsp/hier_mb_ps_microblaze_0/include -mlittle-endian -mcpu=v9.5 -mxl-soft-mul -Wl,--no-relax -MMD -MP -MF"src/main.d" -MT"src/main.d" -o "src/main.o" "../src/main.c"
../src/main.c:30:14: warning: 'intc_obj' defined but not used [-Wunused-variable]
 static XIntc intc_obj;
              ^
../src/main.c:31:16: warning: 'timer_obj' defined but not used [-Wunused-variable]
 static XTmrCtr timer_obj;
                ^
../src/main.c:32:13: warning: 'spi_obj' defined but not used [-Wunused-variable]
 static XSpi spi_obj;
             ^
../src/main.c:33:16: warning: 'dma_obj' defined but not used [-Wunused-variable]
 static XAxiDma dma_obj;
                ^
../src/main.c:34:13: warning: 'input_sample' defined but not used [-Wunused-variable]
 static u16* input_sample = (u16*)INPUT_SAMPLE_ADDR;
             ^
'Finished building: ../src/main.c'
' '
'Building target: app.elf'
'Invoking: MicroBlaze gcc linker'
mb-gcc -Wl,-T -Wl,../src/lscript.ld -L../../app_bsp/hier_mb_ps_microblaze_0/lib -mlittle-endian -mcpu=v9.5 -mxl-soft-mul -Wl,--no-relax -o "app.elf"  ./src/main.o   -Wl,--start-group,-lxil,-lgcc,-lc,--end-group
'Finished building target: app.elf'
' '
'Invoking: MicroBlaze Print Size'
mb-size app.elf  |tee "app.elf.size"
   text	   data	    bss	    dec	    hex	filename
   7464	    356	   4100	  11920	   2e90	app.elf
'Finished building: app.elf.size'
' '
20:55:53 **** Auto Build of configuration Debug for project app ****
make all 
'Building file: ../src/main.c'
'Invoking: MicroBlaze gcc compiler'
mb-gcc -Wall -O0 -g3 -c -fmessage-length=0 -MT"src/main.o" -I../../app_bsp/hier_mb_ps_microblaze_0/include -mlittle-endian -mcpu=v9.5 -mxl-soft-mul -Wl,--no-relax -MMD -MP -MF"src/main.d" -MT"src/main.d" -o "src/main.o" "../src/main.c"
../src/main.c:31:16: warning: 'timer_obj' defined but not used [-Wunused-variable]
 static XTmrCtr timer_obj;
                ^
../src/main.c:32:13: warning: 'spi_obj' defined but not used [-Wunused-variable]
 static XSpi spi_obj;
             ^
../src/main.c:33:16: warning: 'dma_obj' defined but not used [-Wunused-variable]
 static XAxiDma dma_obj;
                ^
../src/main.c:34:13: warning: 'input_sample' defined but not used [-Wunused-variable]
 static u16* input_sample = (u16*)INPUT_SAMPLE_ADDR;
             ^
'Finished building: ../src/main.c'
' '
'Building target: app.elf'
'Invoking: MicroBlaze gcc linker'
mb-gcc -Wl,-T -Wl,../src/lscript.ld -L../../app_bsp/hier_mb_ps_microblaze_0/lib -mlittle-endian -mcpu=v9.5 -mxl-soft-mul -Wl,--no-relax -o "app.elf"  ./src/main.o   -Wl,--start-group,-lxil,-lgcc,-lc,--end-group
'Finished building target: app.elf'
' '
'Invoking: MicroBlaze Print Size'
mb-size app.elf  |tee "app.elf.size"
   text	   data	    bss	    dec	    hex	filename
   8280	    356	   4100	  12736	   31c0	app.elf
'Finished building: app.elf.size'
' '
20:57:12 **** Auto Build of configuration Debug for project app ****
make all 
'Building file: ../src/main.c'
'Invoking: MicroBlaze gcc compiler'
mb-gcc -Wall -O0 -g3 -c -fmessage-length=0 -MT"src/main.o" -I../../app_bsp/hier_mb_ps_microblaze_0/include -mlittle-endian -mcpu=v9.5 -mxl-soft-mul -Wl,--no-relax -MMD -MP -MF"src/main.d" -MT"src/main.d" -o "src/main.o" "../src/main.c"
In file included from ../../app_bsp/hier_mb_ps_microblaze_0/include/xintc.h:225:0,
                 from ../src/main.c:9:
../src/main.c: In function 'main':
../../app_bsp/hier_mb_ps_microblaze_0/include/xil_assert.h:104:9: warning: 'return' with no value, in function returning non-void [-Wreturn-type]
         return;                                    \
         ^
../src/main.c:53:4: note: in expansion of macro 'Xil_AssertVoid'
    Xil_AssertVoid(Config!=NULL);
    ^
../../app_bsp/hier_mb_ps_microblaze_0/include/xil_assert.h:104:9: warning: 'return' with no value, in function returning non-void [-Wreturn-type]
         return;                                    \
         ^
../src/main.c:55:4: note: in expansion of macro 'Xil_AssertVoid'
    Xil_AssertVoid(Status==XST_SUCCESS);
    ^
../src/main.c: At top level:
../src/main.c:31:16: warning: 'timer_obj' defined but not used [-Wunused-variable]
 static XTmrCtr timer_obj;
                ^
../src/main.c:32:13: warning: 'spi_obj' defined but not used [-Wunused-variable]
 static XSpi spi_obj;
             ^
../src/main.c:34:13: warning: 'input_sample' defined but not used [-Wunused-variable]
 static u16* input_sample = (u16*)INPUT_SAMPLE_ADDR;
             ^
'Finished building: ../src/main.c'
' '
'Building target: app.elf'
'Invoking: MicroBlaze gcc linker'
mb-gcc -Wl,-T -Wl,../src/lscript.ld -L../../app_bsp/hier_mb_ps_microblaze_0/lib -mlittle-endian -mcpu=v9.5 -mxl-soft-mul -Wl,--no-relax -o "app.elf"  ./src/main.o   -Wl,--start-group,-lxil,-lgcc,-lc,--end-group
'Finished building target: app.elf'
' '
'Invoking: MicroBlaze Print Size'
mb-size app.elf  |tee "app.elf.size"
   text	   data	    bss	    dec	    hex	filename
  21993	    424	   4103	  26520	   6798	app.elf
'Finished building: app.elf.size'
' '
20:57:38 **** Auto Build of configuration Debug for project app ****
make all 
'Building file: ../src/main.c'
'Invoking: MicroBlaze gcc compiler'
mb-gcc -Wall -O0 -g3 -c -fmessage-length=0 -MT"src/main.o" -I../../app_bsp/hier_mb_ps_microblaze_0/include -mlittle-endian -mcpu=v9.5 -mxl-soft-mul -Wl,--no-relax -MMD -MP -MF"src/main.d" -MT"src/main.d" -o "src/main.o" "../src/main.c"
In file included from ../../app_bsp/hier_mb_ps_microblaze_0/include/xintc.h:225:0,
                 from ../src/main.c:9:
../src/main.c: In function 'main':
../../app_bsp/hier_mb_ps_microblaze_0/include/xil_assert.h:104:9: warning: 'return' with no value, in function returning non-void [-Wreturn-type]
         return;                                    \
         ^
../src/main.c:54:4: note: in expansion of macro 'Xil_AssertVoid'
    Xil_AssertVoid(Config!=NULL);
    ^
../../app_bsp/hier_mb_ps_microblaze_0/include/xil_assert.h:104:9: warning: 'return' with no value, in function returning non-void [-Wreturn-type]
         return;                                    \
         ^
../src/main.c:56:4: note: in expansion of macro 'Xil_AssertVoid'
    Xil_AssertVoid(Status==XST_SUCCESS);
    ^
../src/main.c: At top level:
../src/main.c:31:16: warning: 'timer_obj' defined but not used [-Wunused-variable]
 static XTmrCtr timer_obj;
                ^
../src/main.c:32:13: warning: 'spi_obj' defined but not used [-Wunused-variable]
 static XSpi spi_obj;
             ^
../src/main.c:34:13: warning: 'input_sample' defined but not used [-Wunused-variable]
 static u16* input_sample = (u16*)INPUT_SAMPLE_ADDR;
             ^
'Finished building: ../src/main.c'
' '
'Building target: app.elf'
'Invoking: MicroBlaze gcc linker'
mb-gcc -Wl,-T -Wl,../src/lscript.ld -L../../app_bsp/hier_mb_ps_microblaze_0/lib -mlittle-endian -mcpu=v9.5 -mxl-soft-mul -Wl,--no-relax -o "app.elf"  ./src/main.o   -Wl,--start-group,-lxil,-lgcc,-lc,--end-group
'Finished building target: app.elf'
' '
'Invoking: MicroBlaze Print Size'
mb-size app.elf  |tee "app.elf.size"
   text	   data	    bss	    dec	    hex	filename
  21993	    424	   4103	  26520	   6798	app.elf
'Finished building: app.elf.size'
' '
20:57:45 **** Auto Build of configuration Debug for project app ****
make all 
'Building file: ../src/main.c'
'Invoking: MicroBlaze gcc compiler'
mb-gcc -Wall -O0 -g3 -c -fmessage-length=0 -MT"src/main.o" -I../../app_bsp/hier_mb_ps_microblaze_0/include -mlittle-endian -mcpu=v9.5 -mxl-soft-mul -Wl,--no-relax -MMD -MP -MF"src/main.d" -MT"src/main.d" -o "src/main.o" "../src/main.c"
In file included from ../../app_bsp/hier_mb_ps_microblaze_0/include/xintc.h:225:0,
                 from ../src/main.c:9:
../src/main.c: In function 'main':
../../app_bsp/hier_mb_ps_microblaze_0/include/xil_assert.h:104:9: warning: 'return' with no value, in function returning non-void [-Wreturn-type]
         return;                                    \
         ^
../src/main.c:54:4: note: in expansion of macro 'Xil_AssertVoid'
    Xil_AssertVoid(Config!=NULL);
    ^
../../app_bsp/hier_mb_ps_microblaze_0/include/xil_assert.h:104:9: warning: 'return' with no value, in function returning non-void [-Wreturn-type]
         return;                                    \
         ^
../src/main.c:56:4: note: in expansion of macro 'Xil_AssertVoid'
    Xil_AssertVoid(Status==XST_SUCCESS);
    ^
../src/main.c: At top level:
../src/main.c:31:16: warning: 'timer_obj' defined but not used [-Wunused-variable]
 static XTmrCtr timer_obj;
                ^
../src/main.c:32:13: warning: 'spi_obj' defined but not used [-Wunused-variable]
 static XSpi spi_obj;
             ^
../src/main.c:34:13: warning: 'input_sample' defined but not used [-Wunused-variable]
 static u16* input_sample = (u16*)INPUT_SAMPLE_ADDR;
             ^
'Finished building: ../src/main.c'
' '
'Building target: app.elf'
'Invoking: MicroBlaze gcc linker'
mb-gcc -Wl,-T -Wl,../src/lscript.ld -L../../app_bsp/hier_mb_ps_microblaze_0/lib -mlittle-endian -mcpu=v9.5 -mxl-soft-mul -Wl,--no-relax -o "app.elf"  ./src/main.o   -Wl,--start-group,-lxil,-lgcc,-lc,--end-group
'Finished building target: app.elf'
' '
'Invoking: MicroBlaze Print Size'
mb-size app.elf  |tee "app.elf.size"
   text	   data	    bss	    dec	    hex	filename
  21993	    424	   4103	  26520	   6798	app.elf
'Finished building: app.elf.size'
' '
20:57:53 **** Auto Build of configuration Debug for project app ****
make all 
'Building file: ../src/main.c'
'Invoking: MicroBlaze gcc compiler'
mb-gcc -Wall -O0 -g3 -c -fmessage-length=0 -MT"src/main.o" -I../../app_bsp/hier_mb_ps_microblaze_0/include -mlittle-endian -mcpu=v9.5 -mxl-soft-mul -Wl,--no-relax -MMD -MP -MF"src/main.d" -MT"src/main.d" -o "src/main.o" "../src/main.c"
In file included from ../../app_bsp/hier_mb_ps_microblaze_0/include/xintc.h:225:0,
                 from ../src/main.c:9:
../src/main.c: In function 'main':
../../app_bsp/hier_mb_ps_microblaze_0/include/xil_assert.h:104:9: warning: 'return' with no value, in function returning non-void [-Wreturn-type]
         return;                                    \
         ^
../src/main.c:54:4: note: in expansion of macro 'Xil_AssertVoid'
    Xil_AssertVoid(Config!=NULL);
    ^
../../app_bsp/hier_mb_ps_microblaze_0/include/xil_assert.h:104:9: warning: 'return' with no value, in function returning non-void [-Wreturn-type]
         return;                                    \
         ^
../src/main.c:56:4: note: in expansion of macro 'Xil_AssertVoid'
    Xil_AssertVoid(Status==XST_SUCCESS);
    ^
../src/main.c:58:37: error: 'IntTxId' undeclared (first use in this function)
    Status = XIntc_Connect(&intc_obj,IntTxId,(XInterruptHandler)dma_tx_handler,obj);
                                     ^
../src/main.c:58:37: note: each undeclared identifier is reported only once for each function it appears in
../src/main.c:58:64: error: 'dma_tx_handler' undeclared (first use in this function)
    Status = XIntc_Connect(&intc_obj,IntTxId,(XInterruptHandler)dma_tx_handler,obj);
                                                                ^
../src/main.c:58:79: error: 'obj' undeclared (first use in this function)
    Status = XIntc_Connect(&intc_obj,IntTxId,(XInterruptHandler)dma_tx_handler,obj);
                                                                               ^
../src/main.c: At top level:
../src/main.c:31:16: warning: 'timer_obj' defined but not used [-Wunused-variable]
 static XTmrCtr timer_obj;
                ^
../src/main.c:32:13: warning: 'spi_obj' defined but not used [-Wunused-variable]
 static XSpi spi_obj;
             ^
../src/main.c:34:13: warning: 'input_sample' defined but not used [-Wunused-variable]
 static u16* input_sample = (u16*)INPUT_SAMPLE_ADDR;
             ^
make: *** [src/main.o] Error 1
20:58:32 **** Auto Build of configuration Debug for project app ****
make all 
'Building file: ../src/main.c'
'Invoking: MicroBlaze gcc compiler'
mb-gcc -Wall -O0 -g3 -c -fmessage-length=0 -MT"src/main.o" -I../../app_bsp/hier_mb_ps_microblaze_0/include -mlittle-endian -mcpu=v9.5 -mxl-soft-mul -Wl,--no-relax -MMD -MP -MF"src/main.d" -MT"src/main.d" -o "src/main.o" "../src/main.c"
In file included from ../../app_bsp/hier_mb_ps_microblaze_0/include/xintc.h:225:0,
                 from ../src/main.c:9:
../src/main.c: In function 'main':
../../app_bsp/hier_mb_ps_microblaze_0/include/xil_assert.h:104:9: warning: 'return' with no value, in function returning non-void [-Wreturn-type]
         return;                                    \
         ^
../src/main.c:56:4: note: in expansion of macro 'Xil_AssertVoid'
    Xil_AssertVoid(Config!=NULL);
    ^
../../app_bsp/hier_mb_ps_microblaze_0/include/xil_assert.h:104:9: warning: 'return' with no value, in function returning non-void [-Wreturn-type]
         return;                                    \
         ^
../src/main.c:58:4: note: in expansion of macro 'Xil_AssertVoid'
    Xil_AssertVoid(Status==XST_SUCCESS);
    ^
../src/main.c:60:85: error: 'obj' undeclared (first use in this function)
    Status = XIntc_Connect(&intc_obj,DMA_TX_INT_ID,(XInterruptHandler)dma_tx_handler,obj);
                                                                                     ^
../src/main.c:60:85: note: each undeclared identifier is reported only once for each function it appears in
../src/main.c:61:27: error: 'IntTxId' undeclared (first use in this function)
    XIntc_Enable(&intc_obj,IntTxId);
                           ^
../src/main.c: At top level:
../src/main.c:31:16: warning: 'timer_obj' defined but not used [-Wunused-variable]
 static XTmrCtr timer_obj;
                ^
../src/main.c:32:13: warning: 'spi_obj' defined but not used [-Wunused-variable]
 static XSpi spi_obj;
             ^
../src/main.c:34:13: warning: 'input_sample' defined but not used [-Wunused-variable]
 static u16* input_sample = (u16*)INPUT_SAMPLE_ADDR;
             ^
make: *** [src/main.o] Error 1
20:58:38 **** Auto Build of configuration Debug for project app ****
make all 
'Building file: ../src/main.c'
'Invoking: MicroBlaze gcc compiler'
mb-gcc -Wall -O0 -g3 -c -fmessage-length=0 -MT"src/main.o" -I../../app_bsp/hier_mb_ps_microblaze_0/include -mlittle-endian -mcpu=v9.5 -mxl-soft-mul -Wl,--no-relax -MMD -MP -MF"src/main.d" -MT"src/main.d" -o "src/main.o" "../src/main.c"
In file included from ../../app_bsp/hier_mb_ps_microblaze_0/include/xintc.h:225:0,
                 from ../src/main.c:9:
../src/main.c: In function 'main':
../../app_bsp/hier_mb_ps_microblaze_0/include/xil_assert.h:104:9: warning: 'return' with no value, in function returning non-void [-Wreturn-type]
         return;                                    \
         ^
../src/main.c:56:4: note: in expansion of macro 'Xil_AssertVoid'
    Xil_AssertVoid(Config!=NULL);
    ^
../../app_bsp/hier_mb_ps_microblaze_0/include/xil_assert.h:104:9: warning: 'return' with no value, in function returning non-void [-Wreturn-type]
         return;                                    \
         ^
../src/main.c:58:4: note: in expansion of macro 'Xil_AssertVoid'
    Xil_AssertVoid(Status==XST_SUCCESS);
    ^
../src/main.c:60:85: error: 'obj' undeclared (first use in this function)
    Status = XIntc_Connect(&intc_obj,DMA_TX_INT_ID,(XInterruptHandler)dma_tx_handler,obj);
                                                                                     ^
../src/main.c:60:85: note: each undeclared identifier is reported only once for each function it appears in
../src/main.c:61:27: error: 'IntTxId' undeclared (first use in this function)
    XIntc_Enable(&intc_obj,IntTxId);
                           ^
../src/main.c: At top level:
../src/main.c:31:16: warning: 'timer_obj' defined but not used [-Wunused-variable]
 static XTmrCtr timer_obj;
                ^
../src/main.c:32:13: warning: 'spi_obj' defined but not used [-Wunused-variable]
 static XSpi spi_obj;
             ^
../src/main.c:34:13: warning: 'input_sample' defined but not used [-Wunused-variable]
 static u16* input_sample = (u16*)INPUT_SAMPLE_ADDR;
             ^
make: *** [src/main.o] Error 1
20:58:45 **** Auto Build of configuration Debug for project app ****
make all 
'Building file: ../src/main.c'
'Invoking: MicroBlaze gcc compiler'
mb-gcc -Wall -O0 -g3 -c -fmessage-length=0 -MT"src/main.o" -I../../app_bsp/hier_mb_ps_microblaze_0/include -mlittle-endian -mcpu=v9.5 -mxl-soft-mul -Wl,--no-relax -MMD -MP -MF"src/main.d" -MT"src/main.d" -o "src/main.o" "../src/main.c"
In file included from ../../app_bsp/hier_mb_ps_microblaze_0/include/xintc.h:225:0,
                 from ../src/main.c:9:
../src/main.c: In function 'main':
../../app_bsp/hier_mb_ps_microblaze_0/include/xil_assert.h:104:9: warning: 'return' with no value, in function returning non-void [-Wreturn-type]
         return;                                    \
         ^
../src/main.c:56:4: note: in expansion of macro 'Xil_AssertVoid'
    Xil_AssertVoid(Config!=NULL);
    ^
../../app_bsp/hier_mb_ps_microblaze_0/include/xil_assert.h:104:9: warning: 'return' with no value, in function returning non-void [-Wreturn-type]
         return;                                    \
         ^
../src/main.c:58:4: note: in expansion of macro 'Xil_AssertVoid'
    Xil_AssertVoid(Status==XST_SUCCESS);
    ^
../src/main.c:61:27: error: 'IntTxId' undeclared (first use in this function)
    XIntc_Enable(&intc_obj,IntTxId);
                           ^
../src/main.c:61:27: note: each undeclared identifier is reported only once for each function it appears in
In file included from ../../app_bsp/hier_mb_ps_microblaze_0/include/xaxidma_bd.h:116:0,
                 from ../../app_bsp/hier_mb_ps_microblaze_0/include/xaxidma_bdring.h:86,
                 from ../../app_bsp/hier_mb_ps_microblaze_0/include/xaxidma.h:470,
                 from ../src/main.c:12:
../src/main.c:62:24: error: 'obj' undeclared (first use in this function)
    XAxiDma_IntrDisable(obj, XAXIDMA_IRQ_ALL_MASK,XAXIDMA_DMA_TO_DEVICE);
                        ^
../../app_bsp/hier_mb_ps_microblaze_0/include/xaxidma_hw.h:337:20: note: in definition of macro 'XAxiDma_WriteReg'
     XAxiDma_Out32((BaseAddress) + (RegOffset), (Data))
                    ^
../src/main.c:62:4: note: in expansion of macro 'XAxiDma_IntrDisable'
    XAxiDma_IntrDisable(obj, XAXIDMA_IRQ_ALL_MASK,XAXIDMA_DMA_TO_DEVICE);
    ^
../src/main.c: At top level:
../src/main.c:31:16: warning: 'timer_obj' defined but not used [-Wunused-variable]
 static XTmrCtr timer_obj;
                ^
../src/main.c:32:13: warning: 'spi_obj' defined but not used [-Wunused-variable]
 static XSpi spi_obj;
             ^
../src/main.c:34:13: warning: 'input_sample' defined but not used [-Wunused-variable]
 static u16* input_sample = (u16*)INPUT_SAMPLE_ADDR;
             ^
make: *** [src/main.o] Error 1
20:58:52 **** Auto Build of configuration Debug for project app ****
make all 
'Building file: ../src/main.c'
'Invoking: MicroBlaze gcc compiler'
mb-gcc -Wall -O0 -g3 -c -fmessage-length=0 -MT"src/main.o" -I../../app_bsp/hier_mb_ps_microblaze_0/include -mlittle-endian -mcpu=v9.5 -mxl-soft-mul -Wl,--no-relax -MMD -MP -MF"src/main.d" -MT"src/main.d" -o "src/main.o" "../src/main.c"
In file included from ../../app_bsp/hier_mb_ps_microblaze_0/include/xintc.h:225:0,
                 from ../src/main.c:9:
../src/main.c: In function 'main':
../../app_bsp/hier_mb_ps_microblaze_0/include/xil_assert.h:104:9: warning: 'return' with no value, in function returning non-void [-Wreturn-type]
         return;                                    \
         ^
../src/main.c:56:4: note: in expansion of macro 'Xil_AssertVoid'
    Xil_AssertVoid(Config!=NULL);
    ^
../../app_bsp/hier_mb_ps_microblaze_0/include/xil_assert.h:104:9: warning: 'return' with no value, in function returning non-void [-Wreturn-type]
         return;                                    \
         ^
../src/main.c:58:4: note: in expansion of macro 'Xil_AssertVoid'
    Xil_AssertVoid(Status==XST_SUCCESS);
    ^
In file included from ../../app_bsp/hier_mb_ps_microblaze_0/include/xaxidma_bd.h:116:0,
                 from ../../app_bsp/hier_mb_ps_microblaze_0/include/xaxidma_bdring.h:86,
                 from ../../app_bsp/hier_mb_ps_microblaze_0/include/xaxidma.h:470,
                 from ../src/main.c:12:
../src/main.c:62:24: error: 'obj' undeclared (first use in this function)
    XAxiDma_IntrDisable(obj, XAXIDMA_IRQ_ALL_MASK,XAXIDMA_DMA_TO_DEVICE);
                        ^
../../app_bsp/hier_mb_ps_microblaze_0/include/xaxidma_hw.h:337:20: note: in definition of macro 'XAxiDma_WriteReg'
     XAxiDma_Out32((BaseAddress) + (RegOffset), (Data))
                    ^
../src/main.c:62:4: note: in expansion of macro 'XAxiDma_IntrDisable'
    XAxiDma_IntrDisable(obj, XAXIDMA_IRQ_ALL_MASK,XAXIDMA_DMA_TO_DEVICE);
    ^
../src/main.c:62:24: note: each undeclared identifier is reported only once for each function it appears in
    XAxiDma_IntrDisable(obj, XAXIDMA_IRQ_ALL_MASK,XAXIDMA_DMA_TO_DEVICE);
                        ^
../../app_bsp/hier_mb_ps_microblaze_0/include/xaxidma_hw.h:337:20: note: in definition of macro 'XAxiDma_WriteReg'
     XAxiDma_Out32((BaseAddress) + (RegOffset), (Data))
                    ^
../src/main.c:62:4: note: in expansion of macro 'XAxiDma_IntrDisable'
    XAxiDma_IntrDisable(obj, XAXIDMA_IRQ_ALL_MASK,XAXIDMA_DMA_TO_DEVICE);
    ^
../src/main.c: At top level:
../src/main.c:31:16: warning: 'timer_obj' defined but not used [-Wunused-variable]
 static XTmrCtr timer_obj;
                ^
../src/main.c:32:13: warning: 'spi_obj' defined but not used [-Wunused-variable]
 static XSpi spi_obj;
             ^
../src/main.c:34:13: warning: 'input_sample' defined but not used [-Wunused-variable]
 static u16* input_sample = (u16*)INPUT_SAMPLE_ADDR;
             ^
make: *** [src/main.o] Error 1
20:59:21 **** Auto Build of configuration Debug for project app ****
make all 
'Building file: ../src/main.c'
'Invoking: MicroBlaze gcc compiler'
mb-gcc -Wall -O0 -g3 -c -fmessage-length=0 -MT"src/main.o" -I../../app_bsp/hier_mb_ps_microblaze_0/include -mlittle-endian -mcpu=v9.5 -mxl-soft-mul -Wl,--no-relax -MMD -MP -MF"src/main.d" -MT"src/main.d" -o "src/main.o" "../src/main.c"
In file included from ../../app_bsp/hier_mb_ps_microblaze_0/include/xintc.h:225:0,
                 from ../src/main.c:9:
../src/main.c: In function 'main':
../../app_bsp/hier_mb_ps_microblaze_0/include/xil_assert.h:104:9: warning: 'return' with no value, in function returning non-void [-Wreturn-type]
         return;                                    \
         ^
../src/main.c:56:4: note: in expansion of macro 'Xil_AssertVoid'
    Xil_AssertVoid(Config!=NULL);
    ^
../../app_bsp/hier_mb_ps_microblaze_0/include/xil_assert.h:104:9: warning: 'return' with no value, in function returning non-void [-Wreturn-type]
         return;                                    \
         ^
../src/main.c:58:4: note: in expansion of macro 'Xil_AssertVoid'
    Xil_AssertVoid(Status==XST_SUCCESS);
    ^
../src/main.c: At top level:
../src/main.c:31:16: warning: 'timer_obj' defined but not used [-Wunused-variable]
 static XTmrCtr timer_obj;
                ^
../src/main.c:32:13: warning: 'spi_obj' defined but not used [-Wunused-variable]
 static XSpi spi_obj;
             ^
../src/main.c:34:13: warning: 'input_sample' defined but not used [-Wunused-variable]
 static u16* input_sample = (u16*)INPUT_SAMPLE_ADDR;
             ^
'Finished building: ../src/main.c'
' '
'Building target: app.elf'
'Invoking: MicroBlaze gcc linker'
mb-gcc -Wl,-T -Wl,../src/lscript.ld -L../../app_bsp/hier_mb_ps_microblaze_0/lib -mlittle-endian -mcpu=v9.5 -mxl-soft-mul -Wl,--no-relax -o "app.elf"  ./src/main.o   -Wl,--start-group,-lxil,-lgcc,-lc,--end-group
'Finished building target: app.elf'
' '
'Invoking: MicroBlaze Print Size'
mb-size app.elf  |tee "app.elf.size"
   text	   data	    bss	    dec	    hex	filename
  22157	    424	   4096	  26677	   6835	app.elf
'Finished building: app.elf.size'
' '
20:59:39 **** Auto Build of configuration Debug for project app ****
make all 
'Building file: ../src/main.c'
'Invoking: MicroBlaze gcc compiler'
mb-gcc -Wall -O0 -g3 -c -fmessage-length=0 -MT"src/main.o" -I../../app_bsp/hier_mb_ps_microblaze_0/include -mlittle-endian -mcpu=v9.5 -mxl-soft-mul -Wl,--no-relax -MMD -MP -MF"src/main.d" -MT"src/main.d" -o "src/main.o" "../src/main.c"
In file included from ../../app_bsp/hier_mb_ps_microblaze_0/include/xintc.h:225:0,
                 from ../src/main.c:9:
../src/main.c: In function 'main':
../../app_bsp/hier_mb_ps_microblaze_0/include/xil_assert.h:104:9: warning: 'return' with no value, in function returning non-void [-Wreturn-type]
         return;                                    \
         ^
../src/main.c:57:4: note: in expansion of macro 'Xil_AssertVoid'
    Xil_AssertVoid(Config!=NULL);
    ^
../../app_bsp/hier_mb_ps_microblaze_0/include/xil_assert.h:104:9: warning: 'return' with no value, in function returning non-void [-Wreturn-type]
         return;                                    \
         ^
../src/main.c:59:4: note: in expansion of macro 'Xil_AssertVoid'
    Xil_AssertVoid(Status==XST_SUCCESS);
    ^
../src/main.c: At top level:
../src/main.c:31:16: warning: 'timer_obj' defined but not used [-Wunused-variable]
 static XTmrCtr timer_obj;
                ^
../src/main.c:32:13: warning: 'spi_obj' defined but not used [-Wunused-variable]
 static XSpi spi_obj;
             ^
../src/main.c:34:13: warning: 'input_sample' defined but not used [-Wunused-variable]
 static u16* input_sample = (u16*)INPUT_SAMPLE_ADDR;
             ^
'Finished building: ../src/main.c'
' '
'Building target: app.elf'
'Invoking: MicroBlaze gcc linker'
mb-gcc -Wl,-T -Wl,../src/lscript.ld -L../../app_bsp/hier_mb_ps_microblaze_0/lib -mlittle-endian -mcpu=v9.5 -mxl-soft-mul -Wl,--no-relax -o "app.elf"  ./src/main.o   -Wl,--start-group,-lxil,-lgcc,-lc,--end-group
'Finished building target: app.elf'
' '
'Invoking: MicroBlaze Print Size'
mb-size app.elf  |tee "app.elf.size"
   text	   data	    bss	    dec	    hex	filename
  22157	    424	   4096	  26677	   6835	app.elf
'Finished building: app.elf.size'
' '
21:00:12 **** Auto Build of configuration Debug for project app ****
make all 
'Building file: ../src/main.c'
'Invoking: MicroBlaze gcc compiler'
mb-gcc -Wall -O0 -g3 -c -fmessage-length=0 -MT"src/main.o" -I../../app_bsp/hier_mb_ps_microblaze_0/include -mlittle-endian -mcpu=v9.5 -mxl-soft-mul -Wl,--no-relax -MMD -MP -MF"src/main.d" -MT"src/main.d" -o "src/main.o" "../src/main.c"
In file included from ../../app_bsp/hier_mb_ps_microblaze_0/include/xintc.h:225:0,
                 from ../src/main.c:9:
../src/main.c: In function 'main':
../../app_bsp/hier_mb_ps_microblaze_0/include/xil_assert.h:104:9: warning: 'return' with no value, in function returning non-void [-Wreturn-type]
         return;                                    \
         ^
../src/main.c:57:4: note: in expansion of macro 'Xil_AssertVoid'
    Xil_AssertVoid(Config!=NULL);
    ^
../../app_bsp/hier_mb_ps_microblaze_0/include/xil_assert.h:104:9: warning: 'return' with no value, in function returning non-void [-Wreturn-type]
         return;                                    \
         ^
../src/main.c:59:4: note: in expansion of macro 'Xil_AssertVoid'
    Xil_AssertVoid(Status==XST_SUCCESS);
    ^
../src/main.c: At top level:
../src/main.c:31:16: warning: 'timer_obj' defined but not used [-Wunused-variable]
 static XTmrCtr timer_obj;
                ^
../src/main.c:32:13: warning: 'spi_obj' defined but not used [-Wunused-variable]
 static XSpi spi_obj;
             ^
../src/main.c:34:13: warning: 'input_sample' defined but not used [-Wunused-variable]
 static u16* input_sample = (u16*)INPUT_SAMPLE_ADDR;
             ^
'Finished building: ../src/main.c'
' '
'Building target: app.elf'
'Invoking: MicroBlaze gcc linker'
mb-gcc -Wl,-T -Wl,../src/lscript.ld -L../../app_bsp/hier_mb_ps_microblaze_0/lib -mlittle-endian -mcpu=v9.5 -mxl-soft-mul -Wl,--no-relax -o "app.elf"  ./src/main.o   -Wl,--start-group,-lxil,-lgcc,-lc,--end-group
'Finished building target: app.elf'
' '
'Invoking: MicroBlaze Print Size'
mb-size app.elf  |tee "app.elf.size"
   text	   data	    bss	    dec	    hex	filename
  22157	    424	   4096	  26677	   6835	app.elf
'Finished building: app.elf.size'
' '
21:00:26 **** Auto Build of configuration Debug for project app ****
make all 
'Building file: ../src/main.c'
'Invoking: MicroBlaze gcc compiler'
mb-gcc -Wall -O0 -g3 -c -fmessage-length=0 -MT"src/main.o" -I../../app_bsp/hier_mb_ps_microblaze_0/include -mlittle-endian -mcpu=v9.5 -mxl-soft-mul -Wl,--no-relax -MMD -MP -MF"src/main.d" -MT"src/main.d" -o "src/main.o" "../src/main.c"
In file included from ../../app_bsp/hier_mb_ps_microblaze_0/include/xintc.h:225:0,
                 from ../src/main.c:9:
../src/main.c: In function 'main':
../../app_bsp/hier_mb_ps_microblaze_0/include/xil_assert.h:104:9: warning: 'return' with no value, in function returning non-void [-Wreturn-type]
         return;                                    \
         ^
../src/main.c:57:4: note: in expansion of macro 'Xil_AssertVoid'
    Xil_AssertVoid(Config!=NULL);
    ^
../../app_bsp/hier_mb_ps_microblaze_0/include/xil_assert.h:104:9: warning: 'return' with no value, in function returning non-void [-Wreturn-type]
         return;                                    \
         ^
../src/main.c:59:4: note: in expansion of macro 'Xil_AssertVoid'
    Xil_AssertVoid(Status==XST_SUCCESS);
    ^
../src/main.c: At top level:
../src/main.c:31:16: warning: 'timer_obj' defined but not used [-Wunused-variable]
 static XTmrCtr timer_obj;
                ^
../src/main.c:32:13: warning: 'spi_obj' defined but not used [-Wunused-variable]
 static XSpi spi_obj;
             ^
../src/main.c:34:13: warning: 'input_sample' defined but not used [-Wunused-variable]
 static u16* input_sample = (u16*)INPUT_SAMPLE_ADDR;
             ^
'Finished building: ../src/main.c'
' '
'Building target: app.elf'
'Invoking: MicroBlaze gcc linker'
mb-gcc -Wl,-T -Wl,../src/lscript.ld -L../../app_bsp/hier_mb_ps_microblaze_0/lib -mlittle-endian -mcpu=v9.5 -mxl-soft-mul -Wl,--no-relax -o "app.elf"  ./src/main.o   -Wl,--start-group,-lxil,-lgcc,-lc,--end-group
'Finished building target: app.elf'
' '
'Invoking: MicroBlaze Print Size'
mb-size app.elf  |tee "app.elf.size"
   text	   data	    bss	    dec	    hex	filename
  22157	    424	   4096	  26677	   6835	app.elf
'Finished building: app.elf.size'
' '
21:01:05 **** Auto Build of configuration Debug for project app ****
make all 
'Building file: ../src/main.c'
'Invoking: MicroBlaze gcc compiler'
mb-gcc -Wall -O0 -g3 -c -fmessage-length=0 -MT"src/main.o" -I../../app_bsp/hier_mb_ps_microblaze_0/include -mlittle-endian -mcpu=v9.5 -mxl-soft-mul -Wl,--no-relax -MMD -MP -MF"src/main.d" -MT"src/main.d" -o "src/main.o" "../src/main.c"
../src/main.c: In function 'main':
../src/main.c:58:34: error: 'SAMPLE_INPUT_TIMER_INNER_ID' undeclared (first use in this function)
    XTmrCtr_SetOptions(&timer_obj,SAMPLE_INPUT_TIMER_INNER_ID,
                                  ^
../src/main.c:58:34: note: each undeclared identifier is reported only once for each function it appears in
../src/main.c:61:6: error: 'SAMPLE_INPUT_TIMER_RESET_VALUE' undeclared (first use in this function)
      SAMPLE_INPUT_TIMER_RESET_VALUE);
      ^
../src/main.c:64:34: error: 'timer_isr' undeclared (first use in this function)
    XTmrCtr_SetHandler(&timer_obj,timer_isr,NULL);
                                  ^
In file included from ../../app_bsp/hier_mb_ps_microblaze_0/include/xintc.h:225:0,
                 from ../src/main.c:9:
../../app_bsp/hier_mb_ps_microblaze_0/include/xil_assert.h:104:9: warning: 'return' with no value, in function returning non-void [-Wreturn-type]
         return;                                    \
         ^
../src/main.c:79:4: note: in expansion of macro 'Xil_AssertVoid'
    Xil_AssertVoid(Config!=NULL);
    ^
../../app_bsp/hier_mb_ps_microblaze_0/include/xil_assert.h:104:9: warning: 'return' with no value, in function returning non-void [-Wreturn-type]
         return;                                    \
         ^
../src/main.c:81:4: note: in expansion of macro 'Xil_AssertVoid'
    Xil_AssertVoid(Status==XST_SUCCESS);
    ^
../src/main.c: At top level:
../src/main.c:32:13: warning: 'spi_obj' defined but not used [-Wunused-variable]
 static XSpi spi_obj;
             ^
../src/main.c:34:13: warning: 'input_sample' defined but not used [-Wunused-variable]
 static u16* input_sample = (u16*)INPUT_SAMPLE_ADDR;
             ^
make: *** [src/main.o] Error 1
21:01:15 **** Auto Build of configuration Debug for project app ****
make all 
'Building file: ../src/main.c'
'Invoking: MicroBlaze gcc compiler'
mb-gcc -Wall -O0 -g3 -c -fmessage-length=0 -MT"src/main.o" -I../../app_bsp/hier_mb_ps_microblaze_0/include -mlittle-endian -mcpu=v9.5 -mxl-soft-mul -Wl,--no-relax -MMD -MP -MF"src/main.d" -MT"src/main.d" -o "src/main.o" "../src/main.c"
../src/main.c: In function 'main':
../src/main.c:60:37: error: 'SAMPLE_INPUT_TIMER_INNER_ID' undeclared (first use in this function)
    XTmrCtr_SetResetValue(&timer_obj,SAMPLE_INPUT_TIMER_INNER_ID,
                                     ^
../src/main.c:60:37: note: each undeclared identifier is reported only once for each function it appears in
../src/main.c:61:6: error: 'SAMPLE_INPUT_TIMER_RESET_VALUE' undeclared (first use in this function)
      SAMPLE_INPUT_TIMER_RESET_VALUE);
      ^
../src/main.c:64:34: error: 'timer_isr' undeclared (first use in this function)
    XTmrCtr_SetHandler(&timer_obj,timer_isr,NULL);
                                  ^
In file included from ../../app_bsp/hier_mb_ps_microblaze_0/include/xintc.h:225:0,
                 from ../src/main.c:9:
../../app_bsp/hier_mb_ps_microblaze_0/include/xil_assert.h:104:9: warning: 'return' with no value, in function returning non-void [-Wreturn-type]
         return;                                    \
         ^
../src/main.c:79:4: note: in expansion of macro 'Xil_AssertVoid'
    Xil_AssertVoid(Config!=NULL);
    ^
../../app_bsp/hier_mb_ps_microblaze_0/include/xil_assert.h:104:9: warning: 'return' with no value, in function returning non-void [-Wreturn-type]
         return;                                    \
         ^
../src/main.c:81:4: note: in expansion of macro 'Xil_AssertVoid'
    Xil_AssertVoid(Status==XST_SUCCESS);
    ^
../src/main.c: At top level:
../src/main.c:32:13: warning: 'spi_obj' defined but not used [-Wunused-variable]
 static XSpi spi_obj;
             ^
../src/main.c:34:13: warning: 'input_sample' defined but not used [-Wunused-variable]
 static u16* input_sample = (u16*)INPUT_SAMPLE_ADDR;
             ^
make: *** [src/main.o] Error 1
21:01:19 **** Auto Build of configuration Debug for project app ****
make all 
'Building file: ../src/main.c'
'Invoking: MicroBlaze gcc compiler'
mb-gcc -Wall -O0 -g3 -c -fmessage-length=0 -MT"src/main.o" -I../../app_bsp/hier_mb_ps_microblaze_0/include -mlittle-endian -mcpu=v9.5 -mxl-soft-mul -Wl,--no-relax -MMD -MP -MF"src/main.d" -MT"src/main.d" -o "src/main.o" "../src/main.c"
../src/main.c: In function 'main':
../src/main.c:61:6: error: 'SAMPLE_INPUT_TIMER_RESET_VALUE' undeclared (first use in this function)
      SAMPLE_INPUT_TIMER_RESET_VALUE);
      ^
../src/main.c:61:6: note: each undeclared identifier is reported only once for each function it appears in
../src/main.c:64:34: error: 'timer_isr' undeclared (first use in this function)
    XTmrCtr_SetHandler(&timer_obj,timer_isr,NULL);
                                  ^
In file included from ../../app_bsp/hier_mb_ps_microblaze_0/include/xintc.h:225:0,
                 from ../src/main.c:9:
../../app_bsp/hier_mb_ps_microblaze_0/include/xil_assert.h:104:9: warning: 'return' with no value, in function returning non-void [-Wreturn-type]
         return;                                    \
         ^
../src/main.c:79:4: note: in expansion of macro 'Xil_AssertVoid'
    Xil_AssertVoid(Config!=NULL);
    ^
../../app_bsp/hier_mb_ps_microblaze_0/include/xil_assert.h:104:9: warning: 'return' with no value, in function returning non-void [-Wreturn-type]
         return;                                    \
         ^
../src/main.c:81:4: note: in expansion of macro 'Xil_AssertVoid'
    Xil_AssertVoid(Status==XST_SUCCESS);
    ^
../src/main.c: At top level:
../src/main.c:32:13: warning: 'spi_obj' defined but not used [-Wunused-variable]
 static XSpi spi_obj;
             ^
../src/main.c:34:13: warning: 'input_sample' defined but not used [-Wunused-variable]
 static u16* input_sample = (u16*)INPUT_SAMPLE_ADDR;
             ^
make: *** [src/main.o] Error 1
21:01:31 **** Auto Build of configuration Debug for project app ****
make all 
'Building file: ../src/main.c'
'Invoking: MicroBlaze gcc compiler'
mb-gcc -Wall -O0 -g3 -c -fmessage-length=0 -MT"src/main.o" -I../../app_bsp/hier_mb_ps_microblaze_0/include -mlittle-endian -mcpu=v9.5 -mxl-soft-mul -Wl,--no-relax -MMD -MP -MF"src/main.d" -MT"src/main.d" -o "src/main.o" "../src/main.c"
../src/main.c: In function 'main':
../src/main.c:63:34: error: 'timer_isr' undeclared (first use in this function)
    XTmrCtr_SetHandler(&timer_obj,timer_isr,NULL);
                                  ^
../src/main.c:63:34: note: each undeclared identifier is reported only once for each function it appears in
In file included from ../../app_bsp/hier_mb_ps_microblaze_0/include/xintc.h:225:0,
                 from ../src/main.c:9:
../../app_bsp/hier_mb_ps_microblaze_0/include/xil_assert.h:104:9: warning: 'return' with no value, in function returning non-void [-Wreturn-type]
         return;                                    \
         ^
../src/main.c:78:4: note: in expansion of macro 'Xil_AssertVoid'
    Xil_AssertVoid(Config!=NULL);
    ^
../../app_bsp/hier_mb_ps_microblaze_0/include/xil_assert.h:104:9: warning: 'return' with no value, in function returning non-void [-Wreturn-type]
         return;                                    \
         ^
../src/main.c:80:4: note: in expansion of macro 'Xil_AssertVoid'
    Xil_AssertVoid(Status==XST_SUCCESS);
    ^
../src/main.c: At top level:
../src/main.c:32:13: warning: 'spi_obj' defined but not used [-Wunused-variable]
 static XSpi spi_obj;
             ^
../src/main.c:34:13: warning: 'input_sample' defined but not used [-Wunused-variable]
 static u16* input_sample = (u16*)INPUT_SAMPLE_ADDR;
             ^
make: *** [src/main.o] Error 1
21:01:38 **** Auto Build of configuration Debug for project app ****
make all 
'Building file: ../src/main.c'
'Invoking: MicroBlaze gcc compiler'
mb-gcc -Wall -O0 -g3 -c -fmessage-length=0 -MT"src/main.o" -I../../app_bsp/hier_mb_ps_microblaze_0/include -mlittle-endian -mcpu=v9.5 -mxl-soft-mul -Wl,--no-relax -MMD -MP -MF"src/main.d" -MT"src/main.d" -o "src/main.o" "../src/main.c"
../src/main.c: In function 'main':
../src/main.c:63:34: error: 'timer_isr' undeclared (first use in this function)
    XTmrCtr_SetHandler(&timer_obj,timer_isr,NULL);
                                  ^
../src/main.c:63:34: note: each undeclared identifier is reported only once for each function it appears in
In file included from ../../app_bsp/hier_mb_ps_microblaze_0/include/xintc.h:225:0,
                 from ../src/main.c:9:
../../app_bsp/hier_mb_ps_microblaze_0/include/xil_assert.h:104:9: warning: 'return' with no value, in function returning non-void [-Wreturn-type]
         return;                                    \
         ^
../src/main.c:78:4: note: in expansion of macro 'Xil_AssertVoid'
    Xil_AssertVoid(Config!=NULL);
    ^
../../app_bsp/hier_mb_ps_microblaze_0/include/xil_assert.h:104:9: warning: 'return' with no value, in function returning non-void [-Wreturn-type]
         return;                                    \
         ^
../src/main.c:80:4: note: in expansion of macro 'Xil_AssertVoid'
    Xil_AssertVoid(Status==XST_SUCCESS);
    ^
../src/main.c: At top level:
../src/main.c:32:13: warning: 'spi_obj' defined but not used [-Wunused-variable]
 static XSpi spi_obj;
             ^
../src/main.c:34:13: warning: 'input_sample' defined but not used [-Wunused-variable]
 static u16* input_sample = (u16*)INPUT_SAMPLE_ADDR;
             ^
make: *** [src/main.o] Error 1
21:01:43 **** Auto Build of configuration Debug for project app ****
make all 
'Building file: ../src/main.c'
'Invoking: MicroBlaze gcc compiler'
mb-gcc -Wall -O0 -g3 -c -fmessage-length=0 -MT"src/main.o" -I../../app_bsp/hier_mb_ps_microblaze_0/include -mlittle-endian -mcpu=v9.5 -mxl-soft-mul -Wl,--no-relax -MMD -MP -MF"src/main.d" -MT"src/main.d" -o "src/main.o" "../src/main.c"
../src/main.c: In function 'main':
../src/main.c:63:34: error: 'timer_isr' undeclared (first use in this function)
    XTmrCtr_SetHandler(&timer_obj,timer_isr,NULL);
                                  ^
../src/main.c:63:34: note: each undeclared identifier is reported only once for each function it appears in
In file included from ../../app_bsp/hier_mb_ps_microblaze_0/include/xintc.h:225:0,
                 from ../src/main.c:9:
../../app_bsp/hier_mb_ps_microblaze_0/include/xil_assert.h:104:9: warning: 'return' with no value, in function returning non-void [-Wreturn-type]
         return;                                    \
         ^
../src/main.c:78:4: note: in expansion of macro 'Xil_AssertVoid'
    Xil_AssertVoid(Config!=NULL);
    ^
../../app_bsp/hier_mb_ps_microblaze_0/include/xil_assert.h:104:9: warning: 'return' with no value, in function returning non-void [-Wreturn-type]
         return;                                    \
         ^
../src/main.c:80:4: note: in expansion of macro 'Xil_AssertVoid'
    Xil_AssertVoid(Status==XST_SUCCESS);
    ^
../src/main.c: At top level:
../src/main.c:32:13: warning: 'spi_obj' defined but not used [-Wunused-variable]
 static XSpi spi_obj;
             ^
../src/main.c:34:13: warning: 'input_sample' defined but not used [-Wunused-variable]
 static u16* input_sample = (u16*)INPUT_SAMPLE_ADDR;
             ^
make: *** [src/main.o] Error 1
21:01:51 **** Auto Build of configuration Debug for project app ****
make all 
'Building file: ../src/main.c'
'Invoking: MicroBlaze gcc compiler'
mb-gcc -Wall -O0 -g3 -c -fmessage-length=0 -MT"src/main.o" -I../../app_bsp/hier_mb_ps_microblaze_0/include -mlittle-endian -mcpu=v9.5 -mxl-soft-mul -Wl,--no-relax -MMD -MP -MF"src/main.d" -MT"src/main.d" -o "src/main.o" "../src/main.c"
../src/main.c: In function 'main':
../src/main.c:64:34: error: 'timer_isr' undeclared (first use in this function)
    XTmrCtr_SetHandler(&timer_obj,timer_isr,NULL);
                                  ^
../src/main.c:64:34: note: each undeclared identifier is reported only once for each function it appears in
In file included from ../../app_bsp/hier_mb_ps_microblaze_0/include/xintc.h:225:0,
                 from ../src/main.c:9:
../../app_bsp/hier_mb_ps_microblaze_0/include/xil_assert.h:104:9: warning: 'return' with no value, in function returning non-void [-Wreturn-type]
         return;                                    \
         ^
../src/main.c:79:4: note: in expansion of macro 'Xil_AssertVoid'
    Xil_AssertVoid(Config!=NULL);
    ^
../../app_bsp/hier_mb_ps_microblaze_0/include/xil_assert.h:104:9: warning: 'return' with no value, in function returning non-void [-Wreturn-type]
         return;                                    \
         ^
../src/main.c:81:4: note: in expansion of macro 'Xil_AssertVoid'
    Xil_AssertVoid(Status==XST_SUCCESS);
    ^
../src/main.c: At top level:
../src/main.c:32:13: warning: 'spi_obj' defined but not used [-Wunused-variable]
 static XSpi spi_obj;
             ^
../src/main.c:34:13: warning: 'input_sample' defined but not used [-Wunused-variable]
 static u16* input_sample = (u16*)INPUT_SAMPLE_ADDR;
             ^
make: *** [src/main.o] Error 1
21:02:26 **** Auto Build of configuration Debug for project app ****
make all 
'Building file: ../src/main.c'
'Invoking: MicroBlaze gcc compiler'
mb-gcc -Wall -O0 -g3 -c -fmessage-length=0 -MT"src/main.o" -I../../app_bsp/hier_mb_ps_microblaze_0/include -mlittle-endian -mcpu=v9.5 -mxl-soft-mul -Wl,--no-relax -MMD -MP -MF"src/main.d" -MT"src/main.d" -o "src/main.o" "../src/main.c"
../src/main.c: In function 'main':
../src/main.c:64:34: error: 'timer_isr' undeclared (first use in this function)
    XTmrCtr_SetHandler(&timer_obj,timer_isr,NULL);
                                  ^
../src/main.c:64:34: note: each undeclared identifier is reported only once for each function it appears in
In file included from ../../app_bsp/hier_mb_ps_microblaze_0/include/xintc.h:225:0,
                 from ../src/main.c:9:
../../app_bsp/hier_mb_ps_microblaze_0/include/xil_assert.h:104:9: warning: 'return' with no value, in function returning non-void [-Wreturn-type]
         return;                                    \
         ^
../src/main.c:79:4: note: in expansion of macro 'Xil_AssertVoid'
    Xil_AssertVoid(Config!=NULL);
    ^
../../app_bsp/hier_mb_ps_microblaze_0/include/xil_assert.h:104:9: warning: 'return' with no value, in function returning non-void [-Wreturn-type]
         return;                                    \
         ^
../src/main.c:81:4: note: in expansion of macro 'Xil_AssertVoid'
    Xil_AssertVoid(Status==XST_SUCCESS);
    ^
../src/main.c: At top level:
../src/main.c:32:13: warning: 'spi_obj' defined but not used [-Wunused-variable]
 static XSpi spi_obj;
             ^
../src/main.c:34:13: warning: 'input_sample' defined but not used [-Wunused-variable]
 static u16* input_sample = (u16*)INPUT_SAMPLE_ADDR;
             ^
make: *** [src/main.o] Error 1
21:02:37 **** Auto Build of configuration Debug for project app ****
make all 
'Building file: ../src/main.c'
'Invoking: MicroBlaze gcc compiler'
mb-gcc -Wall -O0 -g3 -c -fmessage-length=0 -MT"src/main.o" -I../../app_bsp/hier_mb_ps_microblaze_0/include -mlittle-endian -mcpu=v9.5 -mxl-soft-mul -Wl,--no-relax -MMD -MP -MF"src/main.d" -MT"src/main.d" -o "src/main.o" "../src/main.c"
../src/main.c: In function 'main':
../src/main.c:65:34: error: 'timer_isr' undeclared (first use in this function)
    XTmrCtr_SetHandler(&timer_obj,timer_isr,NULL);
                                  ^
../src/main.c:65:34: note: each undeclared identifier is reported only once for each function it appears in
In file included from ../../app_bsp/hier_mb_ps_microblaze_0/include/xintc.h:225:0,
                 from ../src/main.c:9:
../../app_bsp/hier_mb_ps_microblaze_0/include/xil_assert.h:104:9: warning: 'return' with no value, in function returning non-void [-Wreturn-type]
         return;                                    \
         ^
../src/main.c:80:4: note: in expansion of macro 'Xil_AssertVoid'
    Xil_AssertVoid(Config!=NULL);
    ^
../../app_bsp/hier_mb_ps_microblaze_0/include/xil_assert.h:104:9: warning: 'return' with no value, in function returning non-void [-Wreturn-type]
         return;                                    \
         ^
../src/main.c:82:4: note: in expansion of macro 'Xil_AssertVoid'
    Xil_AssertVoid(Status==XST_SUCCESS);
    ^
../src/main.c: At top level:
../src/main.c:32:13: warning: 'spi_obj' defined but not used [-Wunused-variable]
 static XSpi spi_obj;
             ^
../src/main.c:34:13: warning: 'input_sample' defined but not used [-Wunused-variable]
 static u16* input_sample = (u16*)INPUT_SAMPLE_ADDR;
             ^
../src/main.c:101:6: warning: 'timer_handler' defined but not used [-Wunused-function]
 void timer_handler(void *CallBackRef, u8 TmrCtrNumber) {
      ^
make: *** [src/main.o] Error 1
21:02:48 **** Auto Build of configuration Debug for project app ****
make all 
'Building file: ../src/main.c'
'Invoking: MicroBlaze gcc compiler'
mb-gcc -Wall -O0 -g3 -c -fmessage-length=0 -MT"src/main.o" -I../../app_bsp/hier_mb_ps_microblaze_0/include -mlittle-endian -mcpu=v9.5 -mxl-soft-mul -Wl,--no-relax -MMD -MP -MF"src/main.d" -MT"src/main.d" -o "src/main.o" "../src/main.c"
In file included from ../../app_bsp/hier_mb_ps_microblaze_0/include/xintc.h:225:0,
                 from ../src/main.c:9:
../src/main.c: In function 'main':
../../app_bsp/hier_mb_ps_microblaze_0/include/xil_assert.h:104:9: warning: 'return' with no value, in function returning non-void [-Wreturn-type]
         return;                                    \
         ^
../src/main.c:80:4: note: in expansion of macro 'Xil_AssertVoid'
    Xil_AssertVoid(Config!=NULL);
    ^
../../app_bsp/hier_mb_ps_microblaze_0/include/xil_assert.h:104:9: warning: 'return' with no value, in function returning non-void [-Wreturn-type]
         return;                                    \
         ^
../src/main.c:82:4: note: in expansion of macro 'Xil_AssertVoid'
    Xil_AssertVoid(Status==XST_SUCCESS);
    ^
../src/main.c: At top level:
../src/main.c:32:13: warning: 'spi_obj' defined but not used [-Wunused-variable]
 static XSpi spi_obj;
             ^
../src/main.c:34:13: warning: 'input_sample' defined but not used [-Wunused-variable]
 static u16* input_sample = (u16*)INPUT_SAMPLE_ADDR;
             ^
'Finished building: ../src/main.c'
' '
'Building target: app.elf'
'Invoking: MicroBlaze gcc linker'
mb-gcc -Wl,-T -Wl,../src/lscript.ld -L../../app_bsp/hier_mb_ps_microblaze_0/lib -mlittle-endian -mcpu=v9.5 -mxl-soft-mul -Wl,--no-relax -o "app.elf"  ./src/main.o   -Wl,--start-group,-lxil,-lgcc,-lc,--end-group
'Finished building target: app.elf'
' '
'Invoking: MicroBlaze Print Size'
mb-size app.elf  |tee "app.elf.size"
   text	   data	    bss	    dec	    hex	filename
  26225	    436	   4107	  30768	   7830	app.elf
'Finished building: app.elf.size'
' '
21:03:12 **** Auto Build of configuration Debug for project app ****
make all 
'Building file: ../src/main.c'
'Invoking: MicroBlaze gcc compiler'
mb-gcc -Wall -O0 -g3 -c -fmessage-length=0 -MT"src/main.o" -I../../app_bsp/hier_mb_ps_microblaze_0/include -mlittle-endian -mcpu=v9.5 -mxl-soft-mul -Wl,--no-relax -MMD -MP -MF"src/main.d" -MT"src/main.d" -o "src/main.o" "../src/main.c"
In file included from ../../app_bsp/hier_mb_ps_microblaze_0/include/xintc.h:225:0,
                 from ../src/main.c:9:
../src/main.c: In function 'main':
../../app_bsp/hier_mb_ps_microblaze_0/include/xil_assert.h:104:9: warning: 'return' with no value, in function returning non-void [-Wreturn-type]
         return;                                    \
         ^
../src/main.c:80:4: note: in expansion of macro 'Xil_AssertVoid'
    Xil_AssertVoid(Config!=NULL);
    ^
../../app_bsp/hier_mb_ps_microblaze_0/include/xil_assert.h:104:9: warning: 'return' with no value, in function returning non-void [-Wreturn-type]
         return;                                    \
         ^
../src/main.c:82:4: note: in expansion of macro 'Xil_AssertVoid'
    Xil_AssertVoid(Status==XST_SUCCESS);
    ^
../src/main.c: At top level:
../src/main.c:32:13: warning: 'spi_obj' defined but not used [-Wunused-variable]
 static XSpi spi_obj;
             ^
../src/main.c:34:13: warning: 'input_sample' defined but not used [-Wunused-variable]
 static u16* input_sample = (u16*)INPUT_SAMPLE_ADDR;
             ^
'Finished building: ../src/main.c'
' '
'Building target: app.elf'
'Invoking: MicroBlaze gcc linker'
[...]
make -k clean 
rm -f hier_mb_ps_microblaze_0/lib/libxil.a
13:53:55 **** Build of project app_bsp ****
make -k all 
"Running Make include in hier_mb_ps_microblaze_0/libsrc/axidma_v9_0/src"
make -C hier_mb_ps_microblaze_0/libsrc/axidma_v9_0/src -s include  "SHELL=CMD" "COMPILER=mb-gcc" "ARCHIVER=mb-ar" "COMPILER_FLAGS= -O2 -c -mcpu=v9.5 -mlittle-endian -mno-xl-soft-div -mno-xl-soft-mul -mxl-barrel-shift" "EXTRA_COMPILER_FLAGS=-g"
"Running Make include in hier_mb_ps_microblaze_0/libsrc/bram_v4_0/src"
make -C hier_mb_ps_microblaze_0/libsrc/bram_v4_0/src -s include  "SHELL=CMD" "COMPILER=mb-gcc" "ARCHIVER=mb-ar" "COMPILER_FLAGS= -O2 -c -mcpu=v9.5 -mlittle-endian -mno-xl-soft-div -mno-xl-soft-mul -mxl-barrel-shift" "EXTRA_COMPILER_FLAGS=-g"
"Running Make include in hier_mb_ps_microblaze_0/libsrc/cpu_v2_3/src"
make -C hier_mb_ps_microblaze_0/libsrc/cpu_v2_3/src -s include  "SHELL=CMD" "COMPILER=mb-gcc" "ARCHIVER=mb-ar" "COMPILER_FLAGS= -O2 -c -mcpu=v9.5 -mlittle-endian -mno-xl-soft-div -mno-xl-soft-mul -mxl-barrel-shift" "EXTRA_COMPILER_FLAGS=-g"
"Running Make include in hier_mb_ps_microblaze_0/libsrc/intc_v3_4/src"
make -C hier_mb_ps_microblaze_0/libsrc/intc_v3_4/src -s include  "SHELL=CMD" "COMPILER=mb-gcc" "ARCHIVER=mb-ar" "COMPILER_FLAGS= -O2 -c -mcpu=v9.5 -mlittle-endian -mno-xl-soft-div -mno-xl-soft-mul -mxl-barrel-shift" "EXTRA_COMPILER_FLAGS=-g"
"Running Make include in hier_mb_ps_microblaze_0/libsrc/spi_v4_1/src"
make -C hier_mb_ps_microblaze_0/libsrc/spi_v4_1/src -s include  "SHELL=CMD" "COMPILER=mb-gcc" "ARCHIVER=mb-ar" "COMPILER_FLAGS= -O2 -c -mcpu=v9.5 -mlittle-endian -mno-xl-soft-div -mno-xl-soft-mul -mxl-barrel-shift" "EXTRA_COMPILER_FLAGS=-g"
"Running Make include in hier_mb_ps_microblaze_0/libsrc/standalone_v5_2/src"
make -C hier_mb_ps_microblaze_0/libsrc/standalone_v5_2/src -s include  "SHELL=CMD" "COMPILER=mb-gcc" "ARCHIVER=mb-ar" "COMPILER_FLAGS= -O2 -c -mcpu=v9.5 -mlittle-endian -mno-xl-soft-div -mno-xl-soft-mul -mxl-barrel-shift" "EXTRA_COMPILER_FLAGS=-g"
"Running Make include in hier_mb_ps_microblaze_0/libsrc/tmrctr_v3_0/src"
make -C hier_mb_ps_microblaze_0/libsrc/tmrctr_v3_0/src -s include  "SHELL=CMD" "COMPILER=mb-gcc" "ARCHIVER=mb-ar" "COMPILER_FLAGS= -O2 -c -mcpu=v9.5 -mlittle-endian -mno-xl-soft-div -mno-xl-soft-mul -mxl-barrel-shift" "EXTRA_COMPILER_FLAGS=-g"
"Running Make include in hier_mb_ps_microblaze_0/libsrc/uartlite_v3_1/src"
make -C hier_mb_ps_microblaze_0/libsrc/uartlite_v3_1/src -s include  "SHELL=CMD" "COMPILER=mb-gcc" "ARCHIVER=mb-ar" "COMPILER_FLAGS= -O2 -c -mcpu=v9.5 -mlittle-endian -mno-xl-soft-div -mno-xl-soft-mul -mxl-barrel-shift" "EXTRA_COMPILER_FLAGS=-g"
"Running Make libs in hier_mb_ps_microblaze_0/libsrc/axidma_v9_0/src"
make -C hier_mb_ps_microblaze_0/libsrc/axidma_v9_0/src -s libs  "SHELL=CMD" "COMPILER=mb-gcc" "ARCHIVER=mb-ar" "COMPILER_FLAGS= -O2 -c -mcpu=v9.5 -mlittle-endian -mno-xl-soft-div -mno-xl-soft-mul -mxl-barrel-shift" "EXTRA_COMPILER_FLAGS=-g"
"Compiling axidma"
In file included from xaxidma.h:470:0,
                 from xaxidma.c:83:
xaxidma.c: In function 'XAxiDma_Reset':
xaxidma_bdring.h:238:26: warning: assignment makes pointer from integer without a cast
    (RingPtr)->BdaRestart =      \
                          ^
xaxidma.c:313:3: note: in expansion of macro 'XAxiDma_BdRingSnapShotCurrBd'
   XAxiDma_BdRingSnapShotCurrBd(TxRingPtr);
   ^
xaxidma_bdring.h:243:27: warning: assignment makes pointer from integer without a cast
     (RingPtr)->BdaRestart =     \
                           ^
xaxidma.c:313:3: note: in expansion of macro 'XAxiDma_BdRingSnapShotCurrBd'
   XAxiDma_BdRingSnapShotCurrBd(TxRingPtr);
   ^
xaxidma_bdring.h:248:27: warning: assignment makes pointer from integer without a cast
     (RingPtr)->BdaRestart =     \
                           ^
xaxidma.c:313:3: note: in expansion of macro 'XAxiDma_BdRingSnapShotCurrBd'
   XAxiDma_BdRingSnapShotCurrBd(TxRingPtr);
   ^
xaxidma_bdring.h:238:26: warning: assignment makes pointer from integer without a cast
    (RingPtr)->BdaRestart =      \
                          ^
xaxidma.c:319:4: note: in expansion of macro 'XAxiDma_BdRingSnapShotCurrBd'
    XAxiDma_BdRingSnapShotCurrBd(RxRingPtr);
    ^
xaxidma_bdring.h:243:27: warning: assignment makes pointer from integer without a cast
     (RingPtr)->BdaRestart =     \
                           ^
xaxidma.c:319:4: note: in expansion of macro 'XAxiDma_BdRingSnapShotCurrBd'
    XAxiDma_BdRingSnapShotCurrBd(RxRingPtr);
    ^
xaxidma_bdring.h:248:27: warning: assignment makes pointer from integer without a cast
     (RingPtr)->BdaRestart =     \
                           ^
xaxidma.c:319:4: note: in expansion of macro 'XAxiDma_BdRingSnapShotCurrBd'
    XAxiDma_BdRingSnapShotCurrBd(RxRingPtr);
    ^
mb-ar: creating ../../../lib/libxil.a
"Running Make libs in hier_mb_ps_microblaze_0/libsrc/bram_v4_0/src"
make -C hier_mb_ps_microblaze_0/libsrc/bram_v4_0/src -s libs  "SHELL=CMD" "COMPILER=mb-gcc" "ARCHIVER=mb-ar" "COMPILER_FLAGS= -O2 -c -mcpu=v9.5 -mlittle-endian -mno-xl-soft-div -mno-xl-soft-mul -mxl-barrel-shift" "EXTRA_COMPILER_FLAGS=-g"
"Compiling bram"
"Running Make libs in hier_mb_ps_microblaze_0/libsrc/cpu_v2_3/src"
make -C hier_mb_ps_microblaze_0/libsrc/cpu_v2_3/src -s libs  "SHELL=CMD" "COMPILER=mb-gcc" "ARCHIVER=mb-ar" "COMPILER_FLAGS= -O2 -c -mcpu=v9.5 -mlittle-endian -mno-xl-soft-div -mno-xl-soft-mul -mxl-barrel-shift" "EXTRA_COMPILER_FLAGS=-g"
"Compiling cpu"
"Running Make libs in hier_mb_ps_microblaze_0/libsrc/intc_v3_4/src"
make -C hier_mb_ps_microblaze_0/libsrc/intc_v3_4/src -s libs  "SHELL=CMD" "COMPILER=mb-gcc" "ARCHIVER=mb-ar" "COMPILER_FLAGS= -O2 -c -mcpu=v9.5 -mlittle-endian -mno-xl-soft-div -mno-xl-soft-mul -mxl-barrel-shift" "EXTRA_COMPILER_FLAGS=-g"
"Compiling intc"
"Running Make libs in hier_mb_ps_microblaze_0/libsrc/spi_v4_1/src"
make -C hier_mb_ps_microblaze_0/libsrc/spi_v4_1/src -s libs  "SHELL=CMD" "COMPILER=mb-gcc" "ARCHIVER=mb-ar" "COMPILER_FLAGS= -O2 -c -mcpu=v9.5 -mlittle-endian -mno-xl-soft-div -mno-xl-soft-mul -mxl-barrel-shift" "EXTRA_COMPILER_FLAGS=-g"
"Compiling spi"
"Running Make libs in hier_mb_ps_microblaze_0/libsrc/standalone_v5_2/src"
make -C hier_mb_ps_microblaze_0/libsrc/standalone_v5_2/src -s libs  "SHELL=CMD" "COMPILER=mb-gcc" "ARCHIVER=mb-ar" "COMPILER_FLAGS= -O2 -c -mcpu=v9.5 -mlittle-endian -mno-xl-soft-div -mno-xl-soft-mul -mxl-barrel-shift" "EXTRA_COMPILER_FLAGS=-g"
"Compiling standalone";
"Running Make libs in hier_mb_ps_microblaze_0/libsrc/tmrctr_v3_0/src"
make -C hier_mb_ps_microblaze_0/libsrc/tmrctr_v3_0/src -s libs  "SHELL=CMD" "COMPILER=mb-gcc" "ARCHIVER=mb-ar" "COMPILER_FLAGS= -O2 -c -mcpu=v9.5 -mlittle-endian -mno-xl-soft-div -mno-xl-soft-mul -mxl-barrel-shift" "EXTRA_COMPILER_FLAGS=-g"
"Compiling tmrctr"
"Running Make libs in hier_mb_ps_microblaze_0/libsrc/uartlite_v3_1/src"
make -C hier_mb_ps_microblaze_0/libsrc/uartlite_v3_1/src -s libs  "SHELL=CMD" "COMPILER=mb-gcc" "ARCHIVER=mb-ar" "COMPILER_FLAGS= -O2 -c -mcpu=v9.5 -mlittle-endian -mno-xl-soft-div -mno-xl-soft-mul -mxl-barrel-shift" "EXTRA_COMPILER_FLAGS=-g"
"Compiling uartlite"
'Finished building libraries'
13:54:13 **** Auto Build of configuration Debug for project app ****
make all 
'Building file: ../src/main.c'
'Invoking: MicroBlaze gcc compiler'
mb-gcc -Wall -O2 -c -fmessage-length=0 -MT"src/main.o" -I../../app_bsp/hier_mb_ps_microblaze_0/include -mlittle-endian -mxl-barrel-shift -mno-xl-soft-div -mcpu=v9.5 -mno-xl-soft-mul -Wl,--no-relax -MMD -MP -MF"src/main.d" -MT"src/main.d" -o "src/main.o" "../src/main.c"
In file included from ../../app_bsp/hier_mb_ps_microblaze_0/include/xintc.h:225:0,
                 from ../src/main.c:9:
../src/main.c: In function 'main':
../../app_bsp/hier_mb_ps_microblaze_0/include/xil_assert.h:104:9: warning: 'return' with no value, in function returning non-void [-Wreturn-type]
         return;                                    \
         ^
../src/main.c:133:4: note: in expansion of macro 'Xil_AssertVoid'
    Xil_AssertVoid(Config!=NULL);
    ^
../../app_bsp/hier_mb_ps_microblaze_0/include/xil_assert.h:104:9: warning: 'return' with no value, in function returning non-void [-Wreturn-type]
         return;                                    \
         ^
../src/main.c:135:4: note: in expansion of macro 'Xil_AssertVoid'
    Xil_AssertVoid(Status==XST_SUCCESS);
    ^
'Finished building: ../src/main.c'
' '
'Building target: app.elf'
'Invoking: MicroBlaze gcc linker'
mb-gcc -Wl,-T -Wl,../src/lscript.ld -L../../app_bsp/hier_mb_ps_microblaze_0/lib -mlittle-endian -mxl-barrel-shift -mno-xl-soft-div -mcpu=v9.5 -mno-xl-soft-mul -Wl,--no-relax -o "app.elf"  ./src/main.o   -Wl,--start-group,-lxil,-lgcc,-lc,--end-group
'Finished building target: app.elf'
' '
'Invoking: MicroBlaze Print Size'
mb-size app.elf  |tee "app.elf.size"
   text	   data	    bss	    dec	    hex	filename
  31741	    464	   4104	  36309	   8dd5	app.elf
'Finished building: app.elf.size'
' '
13:54:15 **** Clean-only build of configuration Debug for project app ****
make clean 
rm -rf  ./src/main.o  ./src/main.d  app.elf.size  app.elf
' '
13:54:16 **** Build of configuration Debug for project app ****
make all 
'Building file: ../src/main.c'
'Invoking: MicroBlaze gcc compiler'
mb-gcc -Wall -O2 -c -fmessage-length=0 -MT"src/main.o" -I../../app_bsp/hier_mb_ps_microblaze_0/include -mlittle-endian -mxl-barrel-shift -mno-xl-soft-div -mcpu=v9.5 -mno-xl-soft-mul -Wl,--no-relax -MMD -MP -MF"src/main.d" -MT"src/main.d" -o "src/main.o" "../src/main.c"
In file included from ../../app_bsp/hier_mb_ps_microblaze_0/include/xintc.h:225:0,
                 from ../src/main.c:9:
../src/main.c: In function 'main':
../../app_bsp/hier_mb_ps_microblaze_0/include/xil_assert.h:104:9: warning: 'return' with no value, in function returning non-void [-Wreturn-type]
         return;                                    \
         ^
../src/main.c:133:4: note: in expansion of macro 'Xil_AssertVoid'
    Xil_AssertVoid(Config!=NULL);
    ^
../../app_bsp/hier_mb_ps_microblaze_0/include/xil_assert.h:104:9: warning: 'return' with no value, in function returning non-void [-Wreturn-type]
         return;                                    \
         ^
../src/main.c:135:4: note: in expansion of macro 'Xil_AssertVoid'
    Xil_AssertVoid(Status==XST_SUCCESS);
    ^
'Finished building: ../src/main.c'
' '
'Building target: app.elf'
'Invoking: MicroBlaze gcc linker'
mb-gcc -Wl,-T -Wl,../src/lscript.ld -L../../app_bsp/hier_mb_ps_microblaze_0/lib -mlittle-endian -mxl-barrel-shift -mno-xl-soft-div -mcpu=v9.5 -mno-xl-soft-mul -Wl,--no-relax -o "app.elf"  ./src/main.o   -Wl,--start-group,-lxil,-lgcc,-lc,--end-group
'Finished building target: app.elf'
' '
'Invoking: MicroBlaze Print Size'
mb-size app.elf  |tee "app.elf.size"
   text	   data	    bss	    dec	    hex	filename
  31741	    464	   4104	  36309	   8dd5	app.elf
'Finished building: app.elf.size'
' '
13:54:26 **** Auto Build of project app_bsp ****
make -k all 
"Running Make include in hier_mb_ps_microblaze_0/libsrc/axidma_v9_0/src"
make -C hier_mb_ps_microblaze_0/libsrc/axidma_v9_0/src -s include  "SHELL=CMD" "COMPILER=mb-gcc" "ARCHIVER=mb-ar" "COMPILER_FLAGS= -O2 -c -mcpu=v9.5 -mlittle-endian -mno-xl-soft-div -mno-xl-soft-mul -mxl-barrel-shift" "EXTRA_COMPILER_FLAGS=-g"
"Running Make include in hier_mb_ps_microblaze_0/libsrc/bram_v4_0/src"
make -C hier_mb_ps_microblaze_0/libsrc/bram_v4_0/src -s include  "SHELL=CMD" "COMPILER=mb-gcc" "ARCHIVER=mb-ar" "COMPILER_FLAGS= -O2 -c -mcpu=v9.5 -mlittle-endian -mno-xl-soft-div -mno-xl-soft-mul -mxl-barrel-shift" "EXTRA_COMPILER_FLAGS=-g"
"Running Make include in hier_mb_ps_microblaze_0/libsrc/cpu_v2_3/src"
make -C hier_mb_ps_microblaze_0/libsrc/cpu_v2_3/src -s include  "SHELL=CMD" "COMPILER=mb-gcc" "ARCHIVER=mb-ar" "COMPILER_FLAGS= -O2 -c -mcpu=v9.5 -mlittle-endian -mno-xl-soft-div -mno-xl-soft-mul -mxl-barrel-shift" "EXTRA_COMPILER_FLAGS=-g"
"Running Make include in hier_mb_ps_microblaze_0/libsrc/intc_v3_4/src"
make -C hier_mb_ps_microblaze_0/libsrc/intc_v3_4/src -s include  "SHELL=CMD" "COMPILER=mb-gcc" "ARCHIVER=mb-ar" "COMPILER_FLAGS= -O2 -c -mcpu=v9.5 -mlittle-endian -mno-xl-soft-div -mno-xl-soft-mul -mxl-barrel-shift" "EXTRA_COMPILER_FLAGS=-g"
"Running Make include in hier_mb_ps_microblaze_0/libsrc/spi_v4_1/src"
make -C hier_mb_ps_microblaze_0/libsrc/spi_v4_1/src -s include  "SHELL=CMD" "COMPILER=mb-gcc" "ARCHIVER=mb-ar" "COMPILER_FLAGS= -O2 -c -mcpu=v9.5 -mlittle-endian -mno-xl-soft-div -mno-xl-soft-mul -mxl-barrel-shift" "EXTRA_COMPILER_FLAGS=-g"
"Running Make include in hier_mb_ps_microblaze_0/libsrc/standalone_v5_2/src"
make -C hier_mb_ps_microblaze_0/libsrc/standalone_v5_2/src -s include  "SHELL=CMD" "COMPILER=mb-gcc" "ARCHIVER=mb-ar" "COMPILER_FLAGS= -O2 -c -mcpu=v9.5 -mlittle-endian -mno-xl-soft-div -mno-xl-soft-mul -mxl-barrel-shift" "EXTRA_COMPILER_FLAGS=-g"
"Running Make include in hier_mb_ps_microblaze_0/libsrc/tmrctr_v3_0/src"
make -C hier_mb_ps_microblaze_0/libsrc/tmrctr_v3_0/src -s include  "SHELL=CMD" "COMPILER=mb-gcc" "ARCHIVER=mb-ar" "COMPILER_FLAGS= -O2 -c -mcpu=v9.5 -mlittle-endian -mno-xl-soft-div -mno-xl-soft-mul -mxl-barrel-shift" "EXTRA_COMPILER_FLAGS=-g"
"Running Make include in hier_mb_ps_microblaze_0/libsrc/uartlite_v3_1/src"
make -C hier_mb_ps_microblaze_0/libsrc/uartlite_v3_1/src -s include  "SHELL=CMD" "COMPILER=mb-gcc" "ARCHIVER=mb-ar" "COMPILER_FLAGS= -O2 -c -mcpu=v9.5 -mlittle-endian -mno-xl-soft-div -mno-xl-soft-mul -mxl-barrel-shift" "EXTRA_COMPILER_FLAGS=-g"
"Running Make libs in hier_mb_ps_microblaze_0/libsrc/axidma_v9_0/src"
make -C hier_mb_ps_microblaze_0/libsrc/axidma_v9_0/src -s libs  "SHELL=CMD" "COMPILER=mb-gcc" "ARCHIVER=mb-ar" "COMPILER_FLAGS= -O2 -c -mcpu=v9.5 -mlittle-endian -mno-xl-soft-div -mno-xl-soft-mul -mxl-barrel-shift" "EXTRA_COMPILER_FLAGS=-g"
"Compiling axidma"
In file included from xaxidma.h:470:0,
                 from xaxidma.c:83:
xaxidma.c: In function 'XAxiDma_Reset':
xaxidma_bdring.h:238:26: warning: assignment makes pointer from integer without a cast
    (RingPtr)->BdaRestart =      \
                          ^
xaxidma.c:313:3: note: in expansion of macro 'XAxiDma_BdRingSnapShotCurrBd'
   XAxiDma_BdRingSnapShotCurrBd(TxRingPtr);
   ^
xaxidma_bdring.h:243:27: warning: assignment makes pointer from integer without a cast
     (RingPtr)->BdaRestart =     \
                           ^
xaxidma.c:313:3: note: in expansion of macro 'XAxiDma_BdRingSnapShotCurrBd'
   XAxiDma_BdRingSnapShotCurrBd(TxRingPtr);
   ^
xaxidma_bdring.h:248:27: warning: assignment makes pointer from integer without a cast
     (RingPtr)->BdaRestart =     \
                           ^
xaxidma.c:313:3: note: in expansion of macro 'XAxiDma_BdRingSnapShotCurrBd'
   XAxiDma_BdRingSnapShotCurrBd(TxRingPtr);
   ^
xaxidma_bdring.h:238:26: warning: assignment makes pointer from integer without a cast
    (RingPtr)->BdaRestart =      \
                          ^
xaxidma.c:319:4: note: in expansion of macro 'XAxiDma_BdRingSnapShotCurrBd'
    XAxiDma_BdRingSnapShotCurrBd(RxRingPtr);
    ^
xaxidma_bdring.h:243:27: warning: assignment makes pointer from integer without a cast
     (RingPtr)->BdaRestart =     \
                           ^
xaxidma.c:319:4: note: in expansion of macro 'XAxiDma_BdRingSnapShotCurrBd'
    XAxiDma_BdRingSnapShotCurrBd(RxRingPtr);
    ^
xaxidma_bdring.h:248:27: warning: assignment makes pointer from integer without a cast
     (RingPtr)->BdaRestart =     \
                           ^
xaxidma.c:319:4: note: in expansion of macro 'XAxiDma_BdRingSnapShotCurrBd'
    XAxiDma_BdRingSnapShotCurrBd(RxRingPtr);
    ^
mb-ar: creating ../../../lib/libxil.a
"Running Make libs in hier_mb_ps_microblaze_0/libsrc/bram_v4_0/src"
make -C hier_mb_ps_microblaze_0/libsrc/bram_v4_0/src -s libs  "SHELL=CMD" "COMPILER=mb-gcc" "ARCHIVER=mb-ar" "COMPILER_FLAGS= -O2 -c -mcpu=v9.5 -mlittle-endian -mno-xl-soft-div -mno-xl-soft-mul -mxl-barrel-shift" "EXTRA_COMPILER_FLAGS=-g"
"Compiling bram"
"Running Make libs in hier_mb_ps_microblaze_0/libsrc/cpu_v2_3/src"
make -C hier_mb_ps_microblaze_0/libsrc/cpu_v2_3/src -s libs  "SHELL=CMD" "COMPILER=mb-gcc" "ARCHIVER=mb-ar" "COMPILER_FLAGS= -O2 -c -mcpu=v9.5 -mlittle-endian -mno-xl-soft-div -mno-xl-soft-mul -mxl-barrel-shift" "EXTRA_COMPILER_FLAGS=-g"
"Compiling cpu"
"Running Make libs in hier_mb_ps_microblaze_0/libsrc/intc_v3_4/src"
make -C hier_mb_ps_microblaze_0/libsrc/intc_v3_4/src -s libs  "SHELL=CMD" "COMPILER=mb-gcc" "ARCHIVER=mb-ar" "COMPILER_FLAGS= -O2 -c -mcpu=v9.5 -mlittle-endian -mno-xl-soft-div -mno-xl-soft-mul -mxl-barrel-shift" "EXTRA_COMPILER_FLAGS=-g"
"Compiling intc"
"Running Make libs in hier_mb_ps_microblaze_0/libsrc/spi_v4_1/src"
make -C hier_mb_ps_microblaze_0/libsrc/spi_v4_1/src -s libs  "SHELL=CMD" "COMPILER=mb-gcc" "ARCHIVER=mb-ar" "COMPILER_FLAGS= -O2 -c -mcpu=v9.5 -mlittle-endian -mno-xl-soft-div -mno-xl-soft-mul -mxl-barrel-shift" "EXTRA_COMPILER_FLAGS=-g"
"Compiling spi"
"Running Make libs in hier_mb_ps_microblaze_0/libsrc/standalone_v5_2/src"
make -C hier_mb_ps_microblaze_0/libsrc/standalone_v5_2/src -s libs  "SHELL=CMD" "COMPILER=mb-gcc" "ARCHIVER=mb-ar" "COMPILER_FLAGS= -O2 -c -mcpu=v9.5 -mlittle-endian -mno-xl-soft-div -mno-xl-soft-mul -mxl-barrel-shift" "EXTRA_COMPILER_FLAGS=-g"
"Compiling standalone";
"Running Make libs in hier_mb_ps_microblaze_0/libsrc/tmrctr_v3_0/src"
make -C hier_mb_ps_microblaze_0/libsrc/tmrctr_v3_0/src -s libs  "SHELL=CMD" "COMPILER=mb-gcc" "ARCHIVER=mb-ar" "COMPILER_FLAGS= -O2 -c -mcpu=v9.5 -mlittle-endian -mno-xl-soft-div -mno-xl-soft-mul -mxl-barrel-shift" "EXTRA_COMPILER_FLAGS=-g"
"Compiling tmrctr"
"Running Make libs in hier_mb_ps_microblaze_0/libsrc/uartlite_v3_1/src"
make -C hier_mb_ps_microblaze_0/libsrc/uartlite_v3_1/src -s libs  "SHELL=CMD" "COMPILER=mb-gcc" "ARCHIVER=mb-ar" "COMPILER_FLAGS= -O2 -c -mcpu=v9.5 -mlittle-endian -mno-xl-soft-div -mno-xl-soft-mul -mxl-barrel-shift" "EXTRA_COMPILER_FLAGS=-g"
"Compiling uartlite"
'Finished building libraries'
13:54:37 **** Auto Build of configuration Debug for project app ****
make all 
'Building file: ../src/main.c'
'Invoking: MicroBlaze gcc compiler'
mb-gcc -Wall -O2 -c -fmessage-length=0 -MT"src/main.o" -I../../app_bsp/hier_mb_ps_microblaze_0/include -mlittle-endian -mxl-barrel-shift -mno-xl-soft-div -mcpu=v9.5 -mno-xl-soft-mul -Wl,--no-relax -MMD -MP -MF"src/main.d" -MT"src/main.d" -o "src/main.o" "../src/main.c"
In file included from ../../app_bsp/hier_mb_ps_microblaze_0/include/xintc.h:225:0,
                 from ../src/main.c:9:
../src/main.c: In function 'main':
../../app_bsp/hier_mb_ps_microblaze_0/include/xil_assert.h:104:9: warning: 'return' with no value, in function returning non-void [-Wreturn-type]
         return;                                    \
         ^
../src/main.c:133:4: note: in expansion of macro 'Xil_AssertVoid'
    Xil_AssertVoid(Config!=NULL);
    ^
../../app_bsp/hier_mb_ps_microblaze_0/include/xil_assert.h:104:9: warning: 'return' with no value, in function returning non-void [-Wreturn-type]
         return;                                    \
         ^
../src/main.c:135:4: note: in expansion of macro 'Xil_AssertVoid'
    Xil_AssertVoid(Status==XST_SUCCESS);
    ^
'Finished building: ../src/main.c'
' '
'Building target: app.elf'
'Invoking: MicroBlaze gcc linker'
mb-gcc -Wl,-T -Wl,../src/lscript.ld -L../../app_bsp/hier_mb_ps_microblaze_0/lib -mlittle-endian -mxl-barrel-shift -mno-xl-soft-div -mcpu=v9.5 -mno-xl-soft-mul -Wl,--no-relax -o "app.elf"  ./src/main.o   -Wl,--start-group,-lxil,-lgcc,-lc,--end-group
'Finished building target: app.elf'
' '
'Invoking: MicroBlaze Print Size'
mb-size app.elf  |tee "app.elf.size"
   text	   data	    bss	    dec	    hex	filename
  31741	    464	   4104	  36309	   8dd5	app.elf
'Finished building: app.elf.size'
' '
13:55:31 **** Incremental Build of configuration Debug for project app ****
make all 
make: Nothing to be done for `all'.
13:56:00 **** Incremental Build of configuration Debug for project app ****
make all 
make: Nothing to be done for `all'.
